Archive member included to satisfy reference by file (symbol)

c:/st/stm32cubeide_1.5.1/stm32cubeide/plugins/com.st.stm32cube.ide.mcu.externaltools.gnu-tools-for-stm32.9-2020-q2-update.win32_1.5.0.202011040924/tools/bin/../lib/gcc/arm-none-eabi/9.3.1/../../../../arm-none-eabi/lib/thumb/v7-m/nofp\libc_nano.a(lib_a-errno.o)
                              Core/Src/syscalls.o (__errno)
c:/st/stm32cubeide_1.5.1/stm32cubeide/plugins/com.st.stm32cube.ide.mcu.externaltools.gnu-tools-for-stm32.9-2020-q2-update.win32_1.5.0.202011040924/tools/bin/../lib/gcc/arm-none-eabi/9.3.1/../../../../arm-none-eabi/lib/thumb/v7-m/nofp\libc_nano.a(lib_a-exit.o)
                              c:/st/stm32cubeide_1.5.1/stm32cubeide/plugins/com.st.stm32cube.ide.mcu.externaltools.gnu-tools-for-stm32.9-2020-q2-update.win32_1.5.0.202011040924/tools/bin/../lib/gcc/arm-none-eabi/9.3.1/../../../../arm-none-eabi/lib/thumb/v7-m/nofp/crt0.o (exit)
c:/st/stm32cubeide_1.5.1/stm32cubeide/plugins/com.st.stm32cube.ide.mcu.externaltools.gnu-tools-for-stm32.9-2020-q2-update.win32_1.5.0.202011040924/tools/bin/../lib/gcc/arm-none-eabi/9.3.1/../../../../arm-none-eabi/lib/thumb/v7-m/nofp\libc_nano.a(lib_a-impure.o)
                              c:/st/stm32cubeide_1.5.1/stm32cubeide/plugins/com.st.stm32cube.ide.mcu.externaltools.gnu-tools-for-stm32.9-2020-q2-update.win32_1.5.0.202011040924/tools/bin/../lib/gcc/arm-none-eabi/9.3.1/../../../../arm-none-eabi/lib/thumb/v7-m/nofp\libc_nano.a(lib_a-exit.o) (_global_impure_ptr)
c:/st/stm32cubeide_1.5.1/stm32cubeide/plugins/com.st.stm32cube.ide.mcu.externaltools.gnu-tools-for-stm32.9-2020-q2-update.win32_1.5.0.202011040924/tools/bin/../lib/gcc/arm-none-eabi/9.3.1/../../../../arm-none-eabi/lib/thumb/v7-m/nofp\libc_nano.a(lib_a-init.o)
                              c:/st/stm32cubeide_1.5.1/stm32cubeide/plugins/com.st.stm32cube.ide.mcu.externaltools.gnu-tools-for-stm32.9-2020-q2-update.win32_1.5.0.202011040924/tools/bin/../lib/gcc/arm-none-eabi/9.3.1/../../../../arm-none-eabi/lib/thumb/v7-m/nofp/crt0.o (__libc_init_array)
c:/st/stm32cubeide_1.5.1/stm32cubeide/plugins/com.st.stm32cube.ide.mcu.externaltools.gnu-tools-for-stm32.9-2020-q2-update.win32_1.5.0.202011040924/tools/bin/../lib/gcc/arm-none-eabi/9.3.1/../../../../arm-none-eabi/lib/thumb/v7-m/nofp\libc_nano.a(lib_a-memset.o)
                              c:/st/stm32cubeide_1.5.1/stm32cubeide/plugins/com.st.stm32cube.ide.mcu.externaltools.gnu-tools-for-stm32.9-2020-q2-update.win32_1.5.0.202011040924/tools/bin/../lib/gcc/arm-none-eabi/9.3.1/../../../../arm-none-eabi/lib/thumb/v7-m/nofp/crt0.o (memset)
c:/st/stm32cubeide_1.5.1/stm32cubeide/plugins/com.st.stm32cube.ide.mcu.externaltools.gnu-tools-for-stm32.9-2020-q2-update.win32_1.5.0.202011040924/tools/bin/../lib/gcc/arm-none-eabi/9.3.1/../../../../arm-none-eabi/lib/thumb/v7-m/nofp\libc_nano.a(lib_a-snprintf.o)
                              Core/Src/main.o (snprintf)
c:/st/stm32cubeide_1.5.1/stm32cubeide/plugins/com.st.stm32cube.ide.mcu.externaltools.gnu-tools-for-stm32.9-2020-q2-update.win32_1.5.0.202011040924/tools/bin/../lib/gcc/arm-none-eabi/9.3.1/../../../../arm-none-eabi/lib/thumb/v7-m/nofp\libc_nano.a(lib_a-nano-svfprintf.o)
                              c:/st/stm32cubeide_1.5.1/stm32cubeide/plugins/com.st.stm32cube.ide.mcu.externaltools.gnu-tools-for-stm32.9-2020-q2-update.win32_1.5.0.202011040924/tools/bin/../lib/gcc/arm-none-eabi/9.3.1/../../../../arm-none-eabi/lib/thumb/v7-m/nofp\libc_nano.a(lib_a-snprintf.o) (_svfprintf_r)
c:/st/stm32cubeide_1.5.1/stm32cubeide/plugins/com.st.stm32cube.ide.mcu.externaltools.gnu-tools-for-stm32.9-2020-q2-update.win32_1.5.0.202011040924/tools/bin/../lib/gcc/arm-none-eabi/9.3.1/../../../../arm-none-eabi/lib/thumb/v7-m/nofp\libc_nano.a(lib_a-nano-vfprintf_i.o)
                              c:/st/stm32cubeide_1.5.1/stm32cubeide/plugins/com.st.stm32cube.ide.mcu.externaltools.gnu-tools-for-stm32.9-2020-q2-update.win32_1.5.0.202011040924/tools/bin/../lib/gcc/arm-none-eabi/9.3.1/../../../../arm-none-eabi/lib/thumb/v7-m/nofp\libc_nano.a(lib_a-nano-svfprintf.o) (_printf_i)
c:/st/stm32cubeide_1.5.1/stm32cubeide/plugins/com.st.stm32cube.ide.mcu.externaltools.gnu-tools-for-stm32.9-2020-q2-update.win32_1.5.0.202011040924/tools/bin/../lib/gcc/arm-none-eabi/9.3.1/../../../../arm-none-eabi/lib/thumb/v7-m/nofp\libc_nano.a(lib_a-memchr-stub.o)
                              c:/st/stm32cubeide_1.5.1/stm32cubeide/plugins/com.st.stm32cube.ide.mcu.externaltools.gnu-tools-for-stm32.9-2020-q2-update.win32_1.5.0.202011040924/tools/bin/../lib/gcc/arm-none-eabi/9.3.1/../../../../arm-none-eabi/lib/thumb/v7-m/nofp\libc_nano.a(lib_a-nano-svfprintf.o) (memchr)
c:/st/stm32cubeide_1.5.1/stm32cubeide/plugins/com.st.stm32cube.ide.mcu.externaltools.gnu-tools-for-stm32.9-2020-q2-update.win32_1.5.0.202011040924/tools/bin/../lib/gcc/arm-none-eabi/9.3.1/../../../../arm-none-eabi/lib/thumb/v7-m/nofp\libc_nano.a(lib_a-memcpy-stub.o)
[...]
Memory Configuration

Name             Origin             Length             Attributes
RAM              0x0000000020000000 0x0000000000005000 xrw
FLASH            0x0000000008000000 0x0000000000010000 xr
*default*        0x0000000000000000 0xffffffffffffffff

Linker script and memory map

LOAD c:/st/stm32cubeide_1.5.1/stm32cubeide/plugins/com.st.stm32cube.ide.mcu.externaltools.gnu-tools-for-stm32.9-2020-q2-update.win32_1.5.0.202011040924/tools/bin/../lib/gcc/arm-none-eabi/9.3.1/thumb/v7-m/nofp/crti.o
LOAD c:/st/stm32cubeide_1.5.1/stm32cubeide/plugins/com.st.stm32cube.ide.mcu.externaltools.gnu-tools-for-stm32.9-2020-q2-update.win32_1.5.0.202011040924/tools/bin/../lib/gcc/arm-none-eabi/9.3.1/thumb/v7-m/nofp/crtbegin.o
LOAD c:/st/stm32cubeide_1.5.1/stm32cubeide/plugins/com.st.stm32cube.ide.mcu.externaltools.gnu-tools-for-stm32.9-2020-q2-update.win32_1.5.0.202011040924/tools/bin/../lib/gcc/arm-none-eabi/9.3.1/../../../../arm-none-eabi/lib/thumb/v7-m/nofp/crt0.o
LOAD Core/Src/delay.o
LOAD Core/Src/lcd.o
LOAD Core/Src/main.o
LOAD Core/Src/stm32f1xx_hal_msp.o
LOAD Core/Src/stm32f1xx_it.o
LOAD Core/Src/syscalls.o
LOAD Core/Src/sysmem.o
LOAD Core/Src/system_stm32f1xx.o
LOAD Core/Startup/startup_stm32f103c8tx.o
LOAD Drivers/STM32F1xx_HAL_Driver/Src/stm32f1xx_hal.o
LOAD Drivers/STM32F1xx_HAL_Driver/Src/stm32f1xx_hal_cortex.o
LOAD Drivers/STM32F1xx_HAL_Driver/Src/stm32f1xx_hal_dma.o
LOAD Drivers/STM32F1xx_HAL_Driver/Src/stm32f1xx_hal_exti.o
LOAD Drivers/STM32F1xx_HAL_Driver/Src/stm32f1xx_hal_flash.o
LOAD Drivers/STM32F1xx_HAL_Driver/Src/stm32f1xx_hal_flash_ex.o
LOAD Drivers/STM32F1xx_HAL_Driver/Src/stm32f1xx_hal_gpio.o
LOAD Drivers/STM32F1xx_HAL_Driver/Src/stm32f1xx_hal_gpio_ex.o
LOAD Drivers/STM32F1xx_HAL_Driver/Src/stm32f1xx_hal_pcd.o
LOAD Drivers/STM32F1xx_HAL_Driver/Src/stm32f1xx_hal_pcd_ex.o
LOAD Drivers/STM32F1xx_HAL_Driver/Src/stm32f1xx_hal_pwr.o
LOAD Drivers/STM32F1xx_HAL_Driver/Src/stm32f1xx_hal_rcc.o
LOAD Drivers/STM32F1xx_HAL_Driver/Src/stm32f1xx_hal_rcc_ex.o
LOAD Drivers/STM32F1xx_HAL_Driver/Src/stm32f1xx_hal_spi.o
LOAD Drivers/STM32F1xx_HAL_Driver/Src/stm32f1xx_hal_tim.o
LOAD Drivers/STM32F1xx_HAL_Driver/Src/stm32f1xx_hal_tim_ex.o
LOAD Drivers/STM32F1xx_HAL_Driver/Src/stm32f1xx_ll_usb.o
LOAD Middlewares/ST/STM32_USB_Device_Library/Class/CDC/Src/usbd_cdc.o
LOAD Middlewares/ST/STM32_USB_Device_Library/Core/Src/usbd_core.o
LOAD Middlewares/ST/STM32_USB_Device_Library/Core/Src/usbd_ctlreq.o
LOAD Middlewares/ST/STM32_USB_Device_Library/Core/Src/usbd_ioreq.o
LOAD USB_DEVICE/App/usb_device.o
LOAD USB_DEVICE/App/usbd_cdc_if.o
LOAD USB_DEVICE/App/usbd_desc.o
LOAD USB_DEVICE/Target/usbd_conf.o
START GROUP
LOAD c:/st/stm32cubeide_1.5.1/stm32cubeide/plugins/com.st.stm32cube.ide.mcu.externaltools.gnu-tools-for-stm32.9-2020-q2-update.win32_1.5.0.202011040924/tools/bin/../lib/gcc/arm-none-eabi/9.3.1/../../../../arm-none-eabi/lib/thumb/v7-m/nofp\libc_nano.a
LOAD c:/st/stm32cubeide_1.5.1/stm32cubeide/plugins/com.st.stm32cube.ide.mcu.externaltools.gnu-tools-for-stm32.9-2020-q2-update.win32_1.5.0.202011040924/tools/bin/../lib/gcc/arm-none-eabi/9.3.1/../../../../arm-none-eabi/lib/thumb/v7-m/nofp\libm.a
END GROUP
START GROUP
LOAD c:/st/stm32cubeide_1.5.1/stm32cubeide/plugins/com.st.stm32cube.ide.mcu.externaltools.gnu-tools-for-stm32.9-2020-q2-update.win32_1.5.0.202011040924/tools/bin/../lib/gcc/arm-none-eabi/9.3.1/thumb/v7-m/nofp\libgcc.a
LOAD c:/st/stm32cubeide_1.5.1/stm32cubeide/plugins/com.st.stm32cube.ide.mcu.externaltools.gnu-tools-for-stm32.9-2020-q2-update.win32_1.5.0.202011040924/tools/bin/../lib/gcc/arm-none-eabi/9.3.1/../../../../arm-none-eabi/lib/thumb/v7-m/nofp\libc_nano.a
END GROUP
START GROUP
LOAD c:/st/stm32cubeide_1.5.1/stm32cubeide/plugins/com.st.stm32cube.ide.mcu.externaltools.gnu-tools-for-stm32.9-2020-q2-update.win32_1.5.0.202011040924/tools/bin/../lib/gcc/arm-none-eabi/9.3.1/thumb/v7-m/nofp\libgcc.a
LOAD c:/st/stm32cubeide_1.5.1/stm32cubeide/plugins/com.st.stm32cube.ide.mcu.externaltools.gnu-tools-for-stm32.9-2020-q2-update.win32_1.5.0.202011040924/tools/bin/../lib/gcc/arm-none-eabi/9.3.1/../../../../arm-none-eabi/lib/thumb/v7-m/nofp\libc_nano.a
LOAD c:/st/stm32cubeide_1.5.1/stm32cubeide/plugins/com.st.stm32cube.ide.mcu.externaltools.gnu-tools-for-stm32.9-2020-q2-update.win32_1.5.0.202011040924/tools/bin/../lib/gcc/arm-none-eabi/9.3.1/../../../../arm-none-eabi/lib/thumb/v7-m/nofp\libnosys.a
END GROUP
START GROUP
LOAD c:/st/stm32cubeide_1.5.1/stm32cubeide/plugins/com.st.stm32cube.ide.mcu.externaltools.gnu-tools-for-stm32.9-2020-q2-update.win32_1.5.0.202011040924/tools/bin/../lib/gcc/arm-none-eabi/9.3.1/thumb/v7-m/nofp\libgcc.a
LOAD c:/st/stm32cubeide_1.5.1/stm32cubeide/plugins/com.st.stm32cube.ide.mcu.externaltools.gnu-tools-for-stm32.9-2020-q2-update.win32_1.5.0.202011040924/tools/bin/../lib/gcc/arm-none-eabi/9.3.1/../../../../arm-none-eabi/lib/thumb/v7-m/nofp\libc_nano.a
LOAD c:/st/stm32cubeide_1.5.1/stm32cubeide/plugins/com.st.stm32cube.ide.mcu.externaltools.gnu-tools-for-stm32.9-2020-q2-update.win32_1.5.0.202011040924/tools/bin/../lib/gcc/arm-none-eabi/9.3.1/../../../../arm-none-eabi/lib/thumb/v7-m/nofp\libnosys.a
END GROUP
LOAD c:/st/stm32cubeide_1.5.1/stm32cubeide/plugins/com.st.stm32cube.ide.mcu.externaltools.gnu-tools-for-stm32.9-2020-q2-update.win32_1.5.0.202011040924/tools/bin/../lib/gcc/arm-none-eabi/9.3.1/thumb/v7-m/nofp/crtend.o
LOAD c:/st/stm32cubeide_1.5.1/stm32cubeide/plugins/com.st.stm32cube.ide.mcu.externaltools.gnu-tools-for-stm32.9-2020-q2-update.win32_1.5.0.202011040924/tools/bin/../lib/gcc/arm-none-eabi/9.3.1/thumb/v7-m/nofp/crtn.o
                0x0000000020005000                _estack = (ORIGIN (RAM) + LENGTH (RAM))
                0x0000000000000200                _Min_Heap_Size = 0x200
                0x0000000000000400                _Min_Stack_Size = 0x400

.isr_vector     0x0000000008000000      0x10c
                0x0000000008000000                . = ALIGN (0x4)
 *(.isr_vector)
 .isr_vector    0x0000000008000000      0x10c Core/Startup/startup_stm32f103c8tx.o
                0x0000000008000000                g_pfnVectors
                0x000000000800010c                . = ALIGN (0x4)

.text           0x000000000800010c     0xb004
                0x000000000800010c                . = ALIGN (0x4)
 *(.text)
 .text          0x000000000800010c       0x40 c:/st/stm32cubeide_1.5.1/stm32cubeide/plugins/com.st.stm32cube.ide.mcu.externaltools.gnu-tools-for-stm32.9-2020-q2-update.win32_1.5.0.202011040924/tools/bin/../lib/gcc/arm-none-eabi/9.3.1/thumb/v7-m/nofp/crtbegin.o
 *(.text*)
 .text.delay_init
                0x000000000800014c       0x24 Core/Src/delay.o
                0x000000000800014c                delay_init
 .text.delay_us
                0x0000000008000170       0x38 Core/Src/delay.o
                0x0000000008000170                delay_us
 .text.lcd_create
                0x00000000080001a8       0x5e Core/Src/lcd.o
                0x00000000080001a8                lcd_create
 *fill*         0x0000000008000206        0x2 
 .text.lcd_init
                0x0000000008000208       0x64 Core/Src/lcd.o
 .text.lcd_mode
                0x000000000800026c       0x5a Core/Src/lcd.o
                0x000000000800026c                lcd_mode
 .text.lcd_out  0x00000000080002c6       0x3c Core/Src/lcd.o
                0x00000000080002c6                lcd_out
 .text.lcd_string
                0x0000000008000302       0x2e Core/Src/lcd.o
                0x0000000008000302                lcd_string
 .text.lcd_set_xy
                0x0000000008000330       0x34 Core/Src/lcd.o
                0x0000000008000330                lcd_set_xy
 .text.lcd_clear
                0x0000000008000364       0x20 Core/Src/lcd.o
                0x0000000008000364                lcd_clear
 .text.lcd_define_chars
                0x0000000008000384       0x44 Core/Src/lcd.o
                0x0000000008000384                lcd_define_chars
 .text.lcd_write_command
                0x00000000080003c8       0x74 Core/Src/lcd.o
                0x00000000080003c8                lcd_write_command
 .text.lcd_write_data
                0x000000000800043c       0x74 Core/Src/lcd.o
                0x000000000800043c                lcd_write_data
 .text.lcd_write
                0x00000000080004b0       0x86 Core/Src/lcd.o
 *fill*         0x0000000008000536        0x2 
 .text.int2string
                0x0000000008000538       0x7c Core/Src/main.o
                0x0000000008000538                int2string
 .text.init_lcd
                0x00000000080005b4       0xb8 Core/Src/main.o
                0x00000000080005b4                init_lcd
 .text.do_button
                0x000000000800066c       0xa4 Core/Src/main.o
                0x000000000800066c                do_button
 .text.do_blink
                0x0000000008000710       0x38 Core/Src/main.o
                0x0000000008000710                do_blink
 .text.get_max6675
                0x0000000008000748       0x58 Core/Src/main.o
                0x0000000008000748                get_max6675
 .text.ascii_max6675
                0x00000000080007a0       0xf4 Core/Src/main.o
                0x00000000080007a0                ascii_max6675
 .text.do_usb   0x0000000008000894       0xd0 Core/Src/main.o
                0x0000000008000894                do_usb
 .text.lcd_mini_clear.8489
                0x0000000008000964       0x48 Core/Src/main.o
 .text.do_interface
                0x00000000080009ac      0x4ec Core/Src/main.o
                0x00000000080009ac                do_interface
 .text.heatplate.8492
                0x0000000008000e98      0x108 Core/Src/main.o
 .text.do_reflow.8498
                0x0000000008000fa0      0x200 Core/Src/main.o
 .text.deltaT.8529
                0x00000000080011a0       0x88 Core/Src/main.o
 .text.pid      0x0000000008001228      0x1a4 Core/Src/main.o
                0x0000000008001228                pid
 .text.HAL_TIM_OC_DelayElapsedCallback
                0x00000000080013cc       0x7c Core/Src/main.o
                0x00000000080013cc                HAL_TIM_OC_DelayElapsedCallback
 .text.main     0x0000000008001448       0x98 Core/Src/main.o
                0x0000000008001448                main
 .text.SystemClock_Config
                0x00000000080014e0       0xb6 Core/Src/main.o
                0x00000000080014e0                SystemClock_Config
 *fill*         0x0000000008001596        0x2 
 .text.MX_SPI1_Init
                0x0000000008001598       0x70 Core/Src/main.o
 .text.MX_TIM1_Init
                0x0000000008001608       0xb4 Core/Src/main.o
 .text.MX_TIM2_Init
                0x00000000080016bc      0x13c Core/Src/main.o
 .text.MX_TIM3_Init
                0x00000000080017f8       0xa8 Core/Src/main.o
 .text.MX_GPIO_Init
                0x00000000080018a0      0x130 Core/Src/main.o
 .text.Error_Handler
                0x00000000080019d0        0xa Core/Src/main.o
                0x00000000080019d0                Error_Handler
 *fill*         0x00000000080019da        0x2 
 .text.HAL_MspInit
                0x00000000080019dc       0x64 Core/Src/stm32f1xx_hal_msp.o
                0x00000000080019dc                HAL_MspInit
 .text.HAL_SPI_MspInit
                0x0000000008001a40       0x94 Core/Src/stm32f1xx_hal_msp.o
                0x0000000008001a40                HAL_SPI_MspInit
 .text.HAL_TIM_Base_MspInit
                0x0000000008001ad4       0x70 Core/Src/stm32f1xx_hal_msp.o
                0x0000000008001ad4                HAL_TIM_Base_MspInit
 .text.HAL_TIM_Encoder_MspInit
                0x0000000008001b44       0xa4 Core/Src/stm32f1xx_hal_msp.o
                0x0000000008001b44                HAL_TIM_Encoder_MspInit
 .text.HAL_TIM_MspPostInit
                0x0000000008001be8       0x60 Core/Src/stm32f1xx_hal_msp.o
                0x0000000008001be8                HAL_TIM_MspPostInit
 .text.NMI_Handler
                0x0000000008001c48        0x6 Core/Src/stm32f1xx_it.o
                0x0000000008001c48                NMI_Handler
 .text.HardFault_Handler
                0x0000000008001c4e        0x6 Core/Src/stm32f1xx_it.o
                0x0000000008001c4e                HardFault_Handler
 .text.MemManage_Handler
                0x0000000008001c54        0x6 Core/Src/stm32f1xx_it.o
                0x0000000008001c54                MemManage_Handler
 .text.BusFault_Handler
                0x0000000008001c5a        0x6 Core/Src/stm32f1xx_it.o
                0x0000000008001c5a                BusFault_Handler
 .text.UsageFault_Handler
                0x0000000008001c60        0x6 Core/Src/stm32f1xx_it.o
                0x0000000008001c60                UsageFault_Handler
 .text.SVC_Handler
                0x0000000008001c66        0xc Core/Src/stm32f1xx_it.o
                0x0000000008001c66                SVC_Handler
 .text.DebugMon_Handler
                0x0000000008001c72        0xc Core/Src/stm32f1xx_it.o
                0x0000000008001c72                DebugMon_Handler
 .text.PendSV_Handler
                0x0000000008001c7e        0xc Core/Src/stm32f1xx_it.o
                0x0000000008001c7e                PendSV_Handler
 .text.SysTick_Handler
                0x0000000008001c8a        0xc Core/Src/stm32f1xx_it.o
                0x0000000008001c8a                SysTick_Handler
 *fill*         0x0000000008001c96        0x2 
 .text.USB_LP_CAN1_RX0_IRQHandler
                0x0000000008001c98       0x14 Core/Src/stm32f1xx_it.o
                0x0000000008001c98                USB_LP_CAN1_RX0_IRQHandler
 .text.TIM2_IRQHandler
                0x0000000008001cac       0x14 Core/Src/stm32f1xx_it.o
                0x0000000008001cac                TIM2_IRQHandler
 .text._sbrk    0x0000000008001cc0       0x6c Core/Src/sysmem.o
                0x0000000008001cc0                _sbrk
 .text.SystemInit
                0x0000000008001d2c        0xc Core/Src/system_stm32f1xx.o
                0x0000000008001d2c                SystemInit
 .text.Reset_Handler
                0x0000000008001d38       0x48 Core/Startup/startup_stm32f103c8tx.o
                0x0000000008001d38                Reset_Handler
 .text.Default_Handler
                0x0000000008001d80        0x2 Core/Startup/startup_stm32f103c8tx.o
                0x0000000008001d80                RTC_Alarm_IRQHandler
                0x0000000008001d80                EXTI2_IRQHandler
                0x0000000008001d80                TIM1_CC_IRQHandler
                0x0000000008001d80                PVD_IRQHandler
                0x0000000008001d80                EXTI3_IRQHandler
                0x0000000008001d80                EXTI0_IRQHandler
                0x0000000008001d80                I2C2_EV_IRQHandler
                0x0000000008001d80                ADC1_2_IRQHandler
                0x0000000008001d80                SPI1_IRQHandler
                0x0000000008001d80                TAMPER_IRQHandler
                0x0000000008001d80                DMA1_Channel4_IRQHandler
                0x0000000008001d80                USART3_IRQHandler
                0x0000000008001d80                RTC_IRQHandler
                0x0000000008001d80                DMA1_Channel7_IRQHandler
                0x0000000008001d80                CAN1_RX1_IRQHandler
                0x0000000008001d80                TIM4_IRQHandler
                0x0000000008001d80                I2C1_EV_IRQHandler
                0x0000000008001d80                DMA1_Channel6_IRQHandler
                0x0000000008001d80                TIM3_IRQHandler
                0x0000000008001d80                RCC_IRQHandler
                0x0000000008001d80                TIM1_TRG_COM_IRQHandler
                0x0000000008001d80                DMA1_Channel1_IRQHandler
                0x0000000008001d80                Default_Handler
                0x0000000008001d80                EXTI15_10_IRQHandler
                0x0000000008001d80                EXTI9_5_IRQHandler
                0x0000000008001d80                SPI2_IRQHandler
                0x0000000008001d80                DMA1_Channel5_IRQHandler
                0x0000000008001d80                EXTI4_IRQHandler
                0x0000000008001d80                USB_HP_CAN1_TX_IRQHandler
                0x0000000008001d80                DMA1_Channel3_IRQHandler
                0x0000000008001d80                TIM1_UP_IRQHandler
                0x0000000008001d80                WWDG_IRQHandler
                0x0000000008001d80                TIM1_BRK_IRQHandler
                0x0000000008001d80                EXTI1_IRQHandler
                0x0000000008001d80                USART2_IRQHandler
                0x0000000008001d80                I2C2_ER_IRQHandler
                0x0000000008001d80                DMA1_Channel2_IRQHandler
                0x0000000008001d80                CAN1_SCE_IRQHandler
                0x0000000008001d80                FLASH_IRQHandler
                0x0000000008001d80                USART1_IRQHandler
                0x0000000008001d80                I2C1_ER_IRQHandler
                0x0000000008001d80                USBWakeUp_IRQHandler
 *fill*         0x0000000008001d82        0x2 
 .text.HAL_Init
                0x0000000008001d84       0x2c Drivers/STM32F1xx_HAL_Driver/Src/stm32f1xx_hal.o
                0x0000000008001d84                HAL_Init
 .text.HAL_InitTick
                0x0000000008001db0       0x60 Drivers/STM32F1xx_HAL_Driver/Src/stm32f1xx_hal.o
                0x0000000008001db0                HAL_InitTick
 .text.HAL_IncTick
                0x0000000008001e10       0x24 Drivers/STM32F1xx_HAL_Driver/Src/stm32f1xx_hal.o
                0x0000000008001e10                HAL_IncTick
 .text.HAL_GetTick
                0x0000000008001e34       0x14 Drivers/STM32F1xx_HAL_Driver/Src/stm32f1xx_hal.o
                0x0000000008001e34                HAL_GetTick
 .text.HAL_Delay
                0x0000000008001e48       0x48 Drivers/STM32F1xx_HAL_Driver/Src/stm32f1xx_hal.o
                0x0000000008001e48                HAL_Delay
 .text.__NVIC_SetPriorityGrouping
                0x0000000008001e90       0x48 Drivers/STM32F1xx_HAL_Driver/Src/stm32f1xx_hal_cortex.o
 .text.__NVIC_GetPriorityGrouping
                0x0000000008001ed8       0x1c Drivers/STM32F1xx_HAL_Driver/Src/stm32f1xx_hal_cortex.o
 .text.__NVIC_EnableIRQ
                0x0000000008001ef4       0x38 Drivers/STM32F1xx_HAL_Driver/Src/stm32f1xx_hal_cortex.o
 .text.__NVIC_SetPriority
                0x0000000008001f2c       0x54 Drivers/STM32F1xx_HAL_Driver/Src/stm32f1xx_hal_cortex.o
 .text.NVIC_EncodePriority
                0x0000000008001f80       0x64 Drivers/STM32F1xx_HAL_Driver/Src/stm32f1xx_hal_cortex.o
 .text.SysTick_Config
                0x0000000008001fe4       0x44 Drivers/STM32F1xx_HAL_Driver/Src/stm32f1xx_hal_cortex.o
 .text.HAL_NVIC_SetPriorityGrouping
                0x0000000008002028       0x16 Drivers/STM32F1xx_HAL_Driver/Src/stm32f1xx_hal_cortex.o
                0x0000000008002028                HAL_NVIC_SetPriorityGrouping
 .text.HAL_NVIC_SetPriority
                0x000000000800203e       0x38 Drivers/STM32F1xx_HAL_Driver/Src/stm32f1xx_hal_cortex.o
                0x000000000800203e                HAL_NVIC_SetPriority
 .text.HAL_NVIC_EnableIRQ
                0x0000000008002076       0x1c Drivers/STM32F1xx_HAL_Driver/Src/stm32f1xx_hal_cortex.o
                0x0000000008002076                HAL_NVIC_EnableIRQ
 .text.HAL_SYSTICK_Config
                0x0000000008002092       0x18 Drivers/STM32F1xx_HAL_Driver/Src/stm32f1xx_hal_cortex.o
                0x0000000008002092                HAL_SYSTICK_Config
 *fill*         0x00000000080020aa        0x2 
 .text.HAL_GPIO_Init
                0x00000000080020ac      0x308 Drivers/STM32F1xx_HAL_Driver/Src/stm32f1xx_hal_gpio.o
                0x00000000080020ac                HAL_GPIO_Init
 .text.HAL_GPIO_ReadPin
                0x00000000080023b4       0x2e Drivers/STM32F1xx_HAL_Driver/Src/stm32f1xx_hal_gpio.o
                0x00000000080023b4                HAL_GPIO_ReadPin
 .text.HAL_GPIO_WritePin
                0x00000000080023e2       0x30 Drivers/STM32F1xx_HAL_Driver/Src/stm32f1xx_hal_gpio.o
                0x00000000080023e2                HAL_GPIO_WritePin
 .text.HAL_GPIO_TogglePin
                0x0000000008002412       0x32 Drivers/STM32F1xx_HAL_Driver/Src/stm32f1xx_hal_gpio.o
                0x0000000008002412                HAL_GPIO_TogglePin
 .text.HAL_PCD_Init
                0x0000000008002444      0x216 Drivers/STM32F1xx_HAL_Driver/Src/stm32f1xx_hal_pcd.o
                0x0000000008002444                HAL_PCD_Init
 .text.HAL_PCD_Start
                0x000000000800265a       0x4c Drivers/STM32F1xx_HAL_Driver/Src/stm32f1xx_hal_pcd.o
                0x000000000800265a                HAL_PCD_Start
 .text.HAL_PCD_IRQHandler
                0x00000000080026a6      0x2aa Drivers/STM32F1xx_HAL_Driver/Src/stm32f1xx_hal_pcd.o
                0x00000000080026a6                HAL_PCD_IRQHandler
 .text.HAL_PCD_SetAddress
                0x0000000008002950       0x4a Drivers/STM32F1xx_HAL_Driver/Src/stm32f1xx_hal_pcd.o
                0x0000000008002950                HAL_PCD_SetAddress
 .text.HAL_PCD_EP_Open
                0x000000000800299a       0xcc Drivers/STM32F1xx_HAL_Driver/Src/stm32f1xx_hal_pcd.o
                0x000000000800299a                HAL_PCD_EP_Open
 .text.HAL_PCD_EP_Close
                0x0000000008002a66       0x90 Drivers/STM32F1xx_HAL_Driver/Src/stm32f1xx_hal_pcd.o
                0x0000000008002a66                HAL_PCD_EP_Close
 .text.HAL_PCD_EP_Receive
                0x0000000008002af6       0x7a Drivers/STM32F1xx_HAL_Driver/Src/stm32f1xx_hal_pcd.o
                0x0000000008002af6                HAL_PCD_EP_Receive
 .text.HAL_PCD_EP_GetRxCount
                0x0000000008002b70       0x2e Drivers/STM32F1xx_HAL_Driver/Src/stm32f1xx_hal_pcd.o
                0x0000000008002b70                HAL_PCD_EP_GetRxCount
 .text.HAL_PCD_EP_Transmit
                0x0000000008002b9e       0x86 Drivers/STM32F1xx_HAL_Driver/Src/stm32f1xx_hal_pcd.o
                0x0000000008002b9e                HAL_PCD_EP_Transmit
 .text.HAL_PCD_EP_SetStall
                0x0000000008002c24       0xc0 Drivers/STM32F1xx_HAL_Driver/Src/stm32f1xx_hal_pcd.o
                0x0000000008002c24                HAL_PCD_EP_SetStall
 .text.HAL_PCD_EP_ClrStall
                0x0000000008002ce4       0xa8 Drivers/STM32F1xx_HAL_Driver/Src/stm32f1xx_hal_pcd.o
                0x0000000008002ce4                HAL_PCD_EP_ClrStall
 .text.PCD_EP_ISR_Handler
                0x0000000008002d8c      0x600 Drivers/STM32F1xx_HAL_Driver/Src/stm32f1xx_hal_pcd.o
 .text.HAL_PCD_EP_DB_Receive
                0x000000000800338c      0x21a Drivers/STM32F1xx_HAL_Driver/Src/stm32f1xx_hal_pcd.o
 .text.HAL_PCD_EP_DB_Transmit
                0x00000000080035a6      0x7a4 Drivers/STM32F1xx_HAL_Driver/Src/stm32f1xx_hal_pcd.o
 .text.HAL_PCDEx_PMAConfig
                0x0000000008003d4a       0x84 Drivers/STM32F1xx_HAL_Driver/Src/stm32f1xx_hal_pcd_ex.o
                0x0000000008003d4a                HAL_PCDEx_PMAConfig
 *fill*         0x0000000008003dce        0x2 
 .text.HAL_RCC_OscConfig
                0x0000000008003dd0      0x500 Drivers/STM32F1xx_HAL_Driver/Src/stm32f1xx_hal_rcc.o
                0x0000000008003dd0                HAL_RCC_OscConfig
 .text.HAL_RCC_ClockConfig
                0x00000000080042d0      0x1d4 Drivers/STM32F1xx_HAL_Driver/Src/stm32f1xx_hal_rcc.o
                0x00000000080042d0                HAL_RCC_ClockConfig
 .text.HAL_RCC_GetSysClockFreq
                0x00000000080044a4       0xc0 Drivers/STM32F1xx_HAL_Driver/Src/stm32f1xx_hal_rcc.o
                0x00000000080044a4                HAL_RCC_GetSysClockFreq
 .text.RCC_Delay
                0x0000000008004564       0x3c Drivers/STM32F1xx_HAL_Driver/Src/stm32f1xx_hal_rcc.o
 .text.HAL_RCCEx_PeriphCLKConfig
                0x00000000080045a0      0x16c Drivers/STM32F1xx_HAL_Driver/Src/stm32f1xx_hal_rcc_ex.o
                0x00000000080045a0                HAL_RCCEx_PeriphCLKConfig
 .text.HAL_SPI_Init
                0x000000000800470c      0x108 Drivers/STM32F1xx_HAL_Driver/Src/stm32f1xx_hal_spi.o
                0x000000000800470c                HAL_SPI_Init
 .text.HAL_SPI_Receive
                0x0000000008004814      0x26e Drivers/STM32F1xx_HAL_Driver/Src/stm32f1xx_hal_spi.o
                0x0000000008004814                HAL_SPI_Receive
 .text.HAL_SPI_TransmitReceive
                0x0000000008004a82      0x344 Drivers/STM32F1xx_HAL_Driver/Src/stm32f1xx_hal_spi.o
                0x0000000008004a82                HAL_SPI_TransmitReceive
 *fill*         0x0000000008004dc6        0x2 
 .text.SPI_WaitFlagStateUntilTimeout
                0x0000000008004dc8      0x110 Drivers/STM32F1xx_HAL_Driver/Src/stm32f1xx_hal_spi.o
 .text.SPI_EndRxTransaction
                0x0000000008004ed8       0xa4 Drivers/STM32F1xx_HAL_Driver/Src/stm32f1xx_hal_spi.o
 .text.SPI_EndRxTxTransaction
                0x0000000008004f7c       0x3c Drivers/STM32F1xx_HAL_Driver/Src/stm32f1xx_hal_spi.o
 .text.HAL_TIM_Base_Init
                0x0000000008004fb8       0x9e Drivers/STM32F1xx_HAL_Driver/Src/stm32f1xx_hal_tim.o
                0x0000000008004fb8                HAL_TIM_Base_Init
 *fill*         0x0000000008005056        0x2 
 .text.HAL_TIM_Base_Start
                0x0000000008005058       0x94 Drivers/STM32F1xx_HAL_Driver/Src/stm32f1xx_hal_tim.o
                0x0000000008005058                HAL_TIM_Base_Start
 .text.HAL_TIM_Base_Start_IT
                0x00000000080050ec       0xa4 Drivers/STM32F1xx_HAL_Driver/Src/stm32f1xx_hal_tim.o
                0x00000000080050ec                HAL_TIM_Base_Start_IT
 .text.HAL_TIM_OC_Init
                0x0000000008005190       0x9e Drivers/STM32F1xx_HAL_Driver/Src/stm32f1xx_hal_tim.o
                0x0000000008005190                HAL_TIM_OC_Init
 .text.HAL_TIM_OC_MspInit
                0x000000000800522e       0x12 Drivers/STM32F1xx_HAL_Driver/Src/stm32f1xx_hal_tim.o
                0x000000000800522e                HAL_TIM_OC_MspInit
 .text.HAL_TIM_PWM_Init
                0x0000000008005240       0x9e Drivers/STM32F1xx_HAL_Driver/Src/stm32f1xx_hal_tim.o
                0x0000000008005240                HAL_TIM_PWM_Init
 .text.HAL_TIM_PWM_MspInit
                0x00000000080052de       0x12 Drivers/STM32F1xx_HAL_Driver/Src/stm32f1xx_hal_tim.o
                0x00000000080052de                HAL_TIM_PWM_MspInit
 .text.HAL_TIM_PWM_Start
                0x00000000080052f0      0x144 Drivers/STM32F1xx_HAL_Driver/Src/stm32f1xx_hal_tim.o
                0x00000000080052f0                HAL_TIM_PWM_Start
 .text.HAL_TIM_Encoder_Init
                0x0000000008005434      0x144 Drivers/STM32F1xx_HAL_Driver/Src/stm32f1xx_hal_tim.o
                0x0000000008005434                HAL_TIM_Encoder_Init
 .text.HAL_TIM_Encoder_Start
                0x0000000008005578      0x11c Drivers/STM32F1xx_HAL_Driver/Src/stm32f1xx_hal_tim.o
                0x0000000008005578                HAL_TIM_Encoder_Start
 .text.HAL_TIM_IRQHandler
                0x0000000008005694      0x210 Drivers/STM32F1xx_HAL_Driver/Src/stm32f1xx_hal_tim.o
                0x0000000008005694                HAL_TIM_IRQHandler
 .text.HAL_TIM_OC_ConfigChannel
                0x00000000080058a4       0xb0 Drivers/STM32F1xx_HAL_Driver/Src/stm32f1xx_hal_tim.o
                0x00000000080058a4                HAL_TIM_OC_ConfigChannel
 .text.HAL_TIM_PWM_ConfigChannel
                0x0000000008005954      0x17c Drivers/STM32F1xx_HAL_Driver/Src/stm32f1xx_hal_tim.o
                0x0000000008005954                HAL_TIM_PWM_ConfigChannel
 .text.HAL_TIM_ConfigClockSource
                0x0000000008005ad0      0x188 Drivers/STM32F1xx_HAL_Driver/Src/stm32f1xx_hal_tim.o
                0x0000000008005ad0                HAL_TIM_ConfigClockSource
 .text.HAL_TIM_PeriodElapsedCallback
                0x0000000008005c58       0x12 Drivers/STM32F1xx_HAL_Driver/Src/stm32f1xx_hal_tim.o
                0x0000000008005c58                HAL_TIM_PeriodElapsedCallback
 .text.HAL_TIM_IC_CaptureCallback
                0x0000000008005c6a       0x12 Drivers/STM32F1xx_HAL_Driver/Src/stm32f1xx_hal_tim.o
                0x0000000008005c6a                HAL_TIM_IC_CaptureCallback
 .text.HAL_TIM_PWM_PulseFinishedCallback
                0x0000000008005c7c       0x12 Drivers/STM32F1xx_HAL_Driver/Src/stm32f1xx_hal_tim.o
                0x0000000008005c7c                HAL_TIM_PWM_PulseFinishedCallback
 .text.HAL_TIM_TriggerCallback
                0x0000000008005c8e       0x12 Drivers/STM32F1xx_HAL_Driver/Src/stm32f1xx_hal_tim.o
                0x0000000008005c8e                HAL_TIM_TriggerCallback
 .text.TIM_Base_SetConfig
                0x0000000008005ca0       0xc4 Drivers/STM32F1xx_HAL_Driver/Src/stm32f1xx_hal_tim.o
                0x0000000008005ca0                TIM_Base_SetConfig
 .text.TIM_OC1_SetConfig
                0x0000000008005d64       0xcc Drivers/STM32F1xx_HAL_Driver/Src/stm32f1xx_hal_tim.o
 .text.TIM_OC2_SetConfig
                0x0000000008005e30       0xd4 Drivers/STM32F1xx_HAL_Driver/Src/stm32f1xx_hal_tim.o
                0x0000000008005e30                TIM_OC2_SetConfig
 .text.TIM_OC3_SetConfig
                0x0000000008005f04       0xd4 Drivers/STM32F1xx_HAL_Driver/Src/stm32f1xx_hal_tim.o
 .text.TIM_OC4_SetConfig
                0x0000000008005fd8       0x9c Drivers/STM32F1xx_HAL_Driver/Src/stm32f1xx_hal_tim.o
 .text.TIM_TI1_ConfigInputStage
                0x0000000008006074       0x5c Drivers/STM32F1xx_HAL_Driver/Src/stm32f1xx_hal_tim.o
 .text.TIM_TI2_ConfigInputStage
                0x00000000080060d0       0x5e Drivers/STM32F1xx_HAL_Driver/Src/stm32f1xx_hal_tim.o
 .text.TIM_ITRx_SetConfig
                0x000000000800612e       0x34 Drivers/STM32F1xx_HAL_Driver/Src/stm32f1xx_hal_tim.o
 .text.TIM_ETR_SetConfig
                0x0000000008006162       0x3e Drivers/STM32F1xx_HAL_Driver/Src/stm32f1xx_hal_tim.o
                0x0000000008006162                TIM_ETR_SetConfig
 .text.TIM_CCxChannelCmd
                0x00000000080061a0       0x48 Drivers/STM32F1xx_HAL_Driver/Src/stm32f1xx_hal_tim.o
                0x00000000080061a0                TIM_CCxChannelCmd
 .text.HAL_TIMEx_MasterConfigSynchronization
                0x00000000080061e8       0xbc Drivers/STM32F1xx_HAL_Driver/Src/stm32f1xx_hal_tim_ex.o
                0x00000000080061e8                HAL_TIMEx_MasterConfigSynchronization
 .text.HAL_TIMEx_CommutCallback
                0x00000000080062a4       0x12 Drivers/STM32F1xx_HAL_Driver/Src/stm32f1xx_hal_tim_ex.o
                0x00000000080062a4                HAL_TIMEx_CommutCallback
 .text.HAL_TIMEx_BreakCallback
                0x00000000080062b6       0x12 Drivers/STM32F1xx_HAL_Driver/Src/stm32f1xx_hal_tim_ex.o
                0x00000000080062b6                HAL_TIMEx_BreakCallback
 .text.USB_CoreInit
                0x00000000080062c8       0x20 Drivers/STM32F1xx_HAL_Driver/Src/stm32f1xx_ll_usb.o
                0x00000000080062c8                USB_CoreInit
 .text.USB_EnableGlobalInt
                0x00000000080062e8       0x2c Drivers/STM32F1xx_HAL_Driver/Src/stm32f1xx_ll_usb.o
                0x00000000080062e8                USB_EnableGlobalInt
 .text.USB_DisableGlobalInt
                0x0000000008006314       0x34 Drivers/STM32F1xx_HAL_Driver/Src/stm32f1xx_ll_usb.o
                0x0000000008006314                USB_DisableGlobalInt
 .text.USB_SetCurrentMode
                0x0000000008006348       0x18 Drivers/STM32F1xx_HAL_Driver/Src/stm32f1xx_ll_usb.o
                0x0000000008006348                USB_SetCurrentMode
 .text.USB_DevInit
                0x0000000008006360       0x40 Drivers/STM32F1xx_HAL_Driver/Src/stm32f1xx_ll_usb.o
                0x0000000008006360                USB_DevInit
 .text.USB_ActivateEndpoint
                0x00000000080063a0      0x6d4 Drivers/STM32F1xx_HAL_Driver/Src/stm32f1xx_ll_usb.o
                0x00000000080063a0                USB_ActivateEndpoint
 .text.USB_DeactivateEndpoint
                0x0000000008006a74      0x3d8 Drivers/STM32F1xx_HAL_Driver/Src/stm32f1xx_ll_usb.o
                0x0000000008006a74                USB_DeactivateEndpoint
 .text.USB_EPStartXfer
                0x0000000008006e4c     0x15ee Drivers/STM32F1xx_HAL_Driver/Src/stm32f1xx_ll_usb.o
                0x0000000008006e4c                USB_EPStartXfer
 .text.USB_EPSetStall
                0x000000000800843a       0xa0 Drivers/STM32F1xx_HAL_Driver/Src/stm32f1xx_ll_usb.o
                0x000000000800843a                USB_EPSetStall
 .text.USB_EPClearStall
                0x00000000080084da      0x15a Drivers/STM32F1xx_HAL_Driver/Src/stm32f1xx_ll_usb.o
                0x00000000080084da                USB_EPClearStall
 .text.USB_SetDevAddress
                0x0000000008008634       0x26 Drivers/STM32F1xx_HAL_Driver/Src/stm32f1xx_ll_usb.o
                0x0000000008008634                USB_SetDevAddress
 .text.USB_DevConnect
                0x000000000800865a       0x14 Drivers/STM32F1xx_HAL_Driver/Src/stm32f1xx_ll_usb.o
                0x000000000800865a                USB_DevConnect
 .text.USB_DevDisconnect
                0x000000000800866e       0x14 Drivers/STM32F1xx_HAL_Driver/Src/stm32f1xx_ll_usb.o
                0x000000000800866e                USB_DevDisconnect
 .text.USB_ReadInterrupts
                0x0000000008008682       0x1e Drivers/STM32F1xx_HAL_Driver/Src/stm32f1xx_ll_usb.o
                0x0000000008008682                USB_ReadInterrupts
 .text.USB_EP0_OutStart
                0x00000000080086a0       0x16 Drivers/STM32F1xx_HAL_Driver/Src/stm32f1xx_ll_usb.o
                0x00000000080086a0                USB_EP0_OutStart
 .text.USB_WritePMA
                0x00000000080086b6       0x8a Drivers/STM32F1xx_HAL_Driver/Src/stm32f1xx_ll_usb.o
                0x00000000080086b6                USB_WritePMA
 .text.USB_ReadPMA
                0x0000000008008740       0x9e Drivers/STM32F1xx_HAL_Driver/Src/stm32f1xx_ll_usb.o
                0x0000000008008740                USB_ReadPMA
 .text.USBD_CDC_Init
                0x00000000080087de       0xf4 Middlewares/ST/STM32_USB_Device_Library/Class/CDC/Src/usbd_cdc.o
 .text.USBD_CDC_DeInit
                0x00000000080088d2       0x6e Middlewares/ST/STM32_USB_Device_Library/Class/CDC/Src/usbd_cdc.o
 .text.USBD_CDC_Setup
                0x0000000008008940      0x146 Middlewares/ST/STM32_USB_Device_Library/Class/CDC/Src/usbd_cdc.o
 .text.USBD_CDC_DataIn
                0x0000000008008a86       0xa6 Middlewares/ST/STM32_USB_Device_Library/Class/CDC/Src/usbd_cdc.o
 .text.USBD_CDC_DataOut
                0x0000000008008b2c       0x56 Middlewares/ST/STM32_USB_Device_Library/Class/CDC/Src/usbd_cdc.o
 .text.USBD_CDC_EP0_RxReady
                0x0000000008008b82       0x50 Middlewares/ST/STM32_USB_Device_Library/Class/CDC/Src/usbd_cdc.o
 *fill*         0x0000000008008bd2        0x2 
 .text.USBD_CDC_GetFSCfgDesc
                0x0000000008008bd4       0x20 Middlewares/ST/STM32_USB_Device_Library/Class/CDC/Src/usbd_cdc.o
 .text.USBD_CDC_GetHSCfgDesc
                0x0000000008008bf4       0x20 Middlewares/ST/STM32_USB_Device_Library/Class/CDC/Src/usbd_cdc.o
 .text.USBD_CDC_GetOtherSpeedCfgDesc
                0x0000000008008c14       0x20 Middlewares/ST/STM32_USB_Device_Library/Class/CDC/Src/usbd_cdc.o
 .text.USBD_CDC_GetDeviceQualifierDescriptor
                0x0000000008008c34       0x20 Middlewares/ST/STM32_USB_Device_Library/Class/CDC/Src/usbd_cdc.o
                0x0000000008008c34                USBD_CDC_GetDeviceQualifierDescriptor
 .text.USBD_CDC_RegisterInterface
                0x0000000008008c54       0x2c Middlewares/ST/STM32_USB_Device_Library/Class/CDC/Src/usbd_cdc.o
                0x0000000008008c54                USBD_CDC_RegisterInterface
 .text.USBD_CDC_SetTxBuffer
                0x0000000008008c80       0x32 Middlewares/ST/STM32_USB_Device_Library/Class/CDC/Src/usbd_cdc.o
                0x0000000008008c80                USBD_CDC_SetTxBuffer
 .text.USBD_CDC_SetRxBuffer
                0x0000000008008cb2       0x26 Middlewares/ST/STM32_USB_Device_Library/Class/CDC/Src/usbd_cdc.o
                0x0000000008008cb2                USBD_CDC_SetRxBuffer
 .text.USBD_CDC_TransmitPacket
                0x0000000008008cd8       0x5e Middlewares/ST/STM32_USB_Device_Library/Class/CDC/Src/usbd_cdc.o
                0x0000000008008cd8                USBD_CDC_TransmitPacket
 .text.USBD_CDC_ReceivePacket
                0x0000000008008d36       0x54 Middlewares/ST/STM32_USB_Device_Library/Class/CDC/Src/usbd_cdc.o
                0x0000000008008d36                USBD_CDC_ReceivePacket
 .text.USBD_Init
                0x0000000008008d8a       0x56 Middlewares/ST/STM32_USB_Device_Library/Core/Src/usbd_core.o
                0x0000000008008d8a                USBD_Init
 .text.USBD_RegisterClass
                0x0000000008008de0       0x32 Middlewares/ST/STM32_USB_Device_Library/Core/Src/usbd_core.o
                0x0000000008008de0                USBD_RegisterClass
 .text.USBD_Start
                0x0000000008008e12       0x18 Middlewares/ST/STM32_USB_Device_Library/Core/Src/usbd_core.o
                0x0000000008008e12                USBD_Start
 .text.USBD_RunTestMode
                0x0000000008008e2a       0x14 Middlewares/ST/STM32_USB_Device_Library/Core/Src/usbd_core.o
                0x0000000008008e2a                USBD_RunTestMode
 .text.USBD_SetClassConfig
                0x0000000008008e3e       0x3e Middlewares/ST/STM32_USB_Device_Library/Core/Src/usbd_core.o
                0x0000000008008e3e                USBD_SetClassConfig
 .text.USBD_ClrClassConfig
                0x0000000008008e7c       0x26 Middlewares/ST/STM32_USB_Device_Library/Core/Src/usbd_core.o
                0x0000000008008e7c                USBD_ClrClassConfig
 .text.USBD_LL_SetupStage
                0x0000000008008ea2       0x9a Middlewares/ST/STM32_USB_Device_Library/Core/Src/usbd_core.o
                0x0000000008008ea2                USBD_LL_SetupStage
 .text.USBD_LL_DataOutStage
                0x0000000008008f3c       0xe2 Middlewares/ST/STM32_USB_Device_Library/Core/Src/usbd_core.o
                0x0000000008008f3c                USBD_LL_DataOutStage
 .text.USBD_LL_DataInStage
                0x000000000800901e      0x14a Middlewares/ST/STM32_USB_Device_Library/Core/Src/usbd_core.o
                0x000000000800901e                USBD_LL_DataInStage
 .text.USBD_LL_Reset
                0x0000000008009168       0x82 Middlewares/ST/STM32_USB_Device_Library/Core/Src/usbd_core.o
                0x0000000008009168                USBD_LL_Reset
 .text.USBD_LL_SetSpeed
                0x00000000080091ea       0x1e Middlewares/ST/STM32_USB_Device_Library/Core/Src/usbd_core.o
                0x00000000080091ea                USBD_LL_SetSpeed
 .text.USBD_LL_Suspend
                0x0000000008009208       0x28 Middlewares/ST/STM32_USB_Device_Library/Core/Src/usbd_core.o
                0x0000000008009208                USBD_LL_Suspend
 .text.USBD_LL_Resume
                0x0000000008009230       0x2a Middlewares/ST/STM32_USB_Device_Library/Core/Src/usbd_core.o
                0x0000000008009230                USBD_LL_Resume
 .text.USBD_LL_SOF
                0x000000000800925a       0x34 Middlewares/ST/STM32_USB_Device_Library/Core/Src/usbd_core.o
                0x000000000800925a                USBD_LL_SOF
 *fill*         0x000000000800928e        0x2 
 .text.USBD_StdDevReq
                0x0000000008009290       0xd4 Middlewares/ST/STM32_USB_Device_Library/Core/Src/usbd_ctlreq.o
                0x0000000008009290                USBD_StdDevReq
 .text.USBD_StdItfReq
                0x0000000008009364       0x90 Middlewares/ST/STM32_USB_Device_Library/Core/Src/usbd_ctlreq.o
                0x0000000008009364                USBD_StdItfReq
 .text.USBD_StdEPReq
                0x00000000080093f4      0x2c6 Middlewares/ST/STM32_USB_Device_Library/Core/Src/usbd_ctlreq.o
                0x00000000080093f4                USBD_StdEPReq
 *fill*         0x00000000080096ba        0x2 
 .text.USBD_GetDescriptor
                0x00000000080096bc      0x2d0 Middlewares/ST/STM32_USB_Device_Library/Core/Src/usbd_ctlreq.o
 .text.USBD_SetAddress
                0x000000000800998c       0x86 Middlewares/ST/STM32_USB_Device_Library/Core/Src/usbd_ctlreq.o
 *fill*         0x0000000008009a12        0x2 
 .text.USBD_SetConfig
                0x0000000008009a14      0x11c Middlewares/ST/STM32_USB_Device_Library/Core/Src/usbd_ctlreq.o
 .text.USBD_GetConfig
                0x0000000008009b30       0x6a Middlewares/ST/STM32_USB_Device_Library/Core/Src/usbd_ctlreq.o
 .text.USBD_GetStatus
                0x0000000008009b9a       0x66 Middlewares/ST/STM32_USB_Device_Library/Core/Src/usbd_ctlreq.o
 .text.USBD_SetFeature
                0x0000000008009c00       0x28 Middlewares/ST/STM32_USB_Device_Library/Core/Src/usbd_ctlreq.o
 .text.USBD_ClrFeature
                0x0000000008009c28       0x42 Middlewares/ST/STM32_USB_Device_Library/Core/Src/usbd_ctlreq.o
 .text.USBD_ParseSetupRequest
                0x0000000008009c6a       0x78 Middlewares/ST/STM32_USB_Device_Library/Core/Src/usbd_ctlreq.o
                0x0000000008009c6a                USBD_ParseSetupRequest
 .text.USBD_CtlError
                0x0000000008009ce2       0x22 Middlewares/ST/STM32_USB_Device_Library/Core/Src/usbd_ctlreq.o
                0x0000000008009ce2                USBD_CtlError
 .text.USBD_GetString
                0x0000000008009d04       0x84 Middlewares/ST/STM32_USB_Device_Library/Core/Src/usbd_ctlreq.o
                0x0000000008009d04                USBD_GetString
 .text.USBD_GetLen
                0x0000000008009d88       0x2e Middlewares/ST/STM32_USB_Device_Library/Core/Src/usbd_ctlreq.o
 .text.USBD_CtlSendData
                0x0000000008009db6       0x38 Middlewares/ST/STM32_USB_Device_Library/Core/Src/usbd_ioreq.o
                0x0000000008009db6                USBD_CtlSendData
 .text.USBD_CtlContinueSendData
                0x0000000008009dee       0x24 Middlewares/ST/STM32_USB_Device_Library/Core/Src/usbd_ioreq.o
                0x0000000008009dee                USBD_CtlContinueSendData
 .text.USBD_CtlPrepareRx
                0x0000000008009e12       0x3c Middlewares/ST/STM32_USB_Device_Library/Core/Src/usbd_ioreq.o
                0x0000000008009e12                USBD_CtlPrepareRx
 .text.USBD_CtlContinueRx
                0x0000000008009e4e       0x24 Middlewares/ST/STM32_USB_Device_Library/Core/Src/usbd_ioreq.o
                0x0000000008009e4e                USBD_CtlContinueRx
 .text.USBD_CtlSendStatus
                0x0000000008009e72       0x26 Middlewares/ST/STM32_USB_Device_Library/Core/Src/usbd_ioreq.o
                0x0000000008009e72                USBD_CtlSendStatus
 .text.USBD_CtlReceiveStatus
                0x0000000008009e98       0x26 Middlewares/ST/STM32_USB_Device_Library/Core/Src/usbd_ioreq.o
                0x0000000008009e98                USBD_CtlReceiveStatus
 *fill*         0x0000000008009ebe        0x2 
 .text.MX_USB_DEVICE_Init
                0x0000000008009ec0       0x60 USB_DEVICE/App/usb_device.o
                0x0000000008009ec0                MX_USB_DEVICE_Init
 .text.CDC_Init_FS
                0x0000000008009f20       0x28 USB_DEVICE/App/usbd_cdc_if.o
 .text.CDC_DeInit_FS
                0x0000000008009f48        0xe USB_DEVICE/App/usbd_cdc_if.o
 *fill*         0x0000000008009f56        0x2 
 .text.CDC_Control_FS
                0x0000000008009f58       0xbc USB_DEVICE/App/usbd_cdc_if.o
 .text.CDC_Receive_FS
                0x000000000800a014       0x28 USB_DEVICE/App/usbd_cdc_if.o
 .text.CDC_Transmit_FS
                0x000000000800a03c       0x4c USB_DEVICE/App/usbd_cdc_if.o
                0x000000000800a03c                CDC_Transmit_FS
 .text.USBD_FS_DeviceDescriptor
                0x000000000800a088       0x24 USB_DEVICE/App/usbd_desc.o
                0x000000000800a088                USBD_FS_DeviceDescriptor
 .text.USBD_FS_LangIDStrDescriptor
                0x000000000800a0ac       0x24 USB_DEVICE/App/usbd_desc.o
                0x000000000800a0ac                USBD_FS_LangIDStrDescriptor
 .text.USBD_FS_ProductStrDescriptor
                0x000000000800a0d0       0x3c USB_DEVICE/App/usbd_desc.o
                0x000000000800a0d0                USBD_FS_ProductStrDescriptor
 .text.USBD_FS_ManufacturerStrDescriptor
                0x000000000800a10c       0x28 USB_DEVICE/App/usbd_desc.o
                0x000000000800a10c                USBD_FS_ManufacturerStrDescriptor
 .text.USBD_FS_SerialStrDescriptor
                0x000000000800a134       0x24 USB_DEVICE/App/usbd_desc.o
                0x000000000800a134                USBD_FS_SerialStrDescriptor
 .text.USBD_FS_ConfigStrDescriptor
                0x000000000800a158       0x3c USB_DEVICE/App/usbd_desc.o
                0x000000000800a158                USBD_FS_ConfigStrDescriptor
 .text.USBD_FS_InterfaceStrDescriptor
                0x000000000800a194       0x3c USB_DEVICE/App/usbd_desc.o
                0x000000000800a194                USBD_FS_InterfaceStrDescriptor
 .text.Get_SerialNum
                0x000000000800a1d0       0x58 USB_DEVICE/App/usbd_desc.o
 .text.IntToUnicode
                0x000000000800a228       0x7c USB_DEVICE/App/usbd_desc.o
 .text.HAL_PCD_MspInit
                0x000000000800a2a4       0x4c USB_DEVICE/Target/usbd_conf.o
                0x000000000800a2a4                HAL_PCD_MspInit
 .text.HAL_PCD_SetupStageCallback
                0x000000000800a2f0       0x24 USB_DEVICE/Target/usbd_conf.o
                0x000000000800a2f0                HAL_PCD_SetupStageCallback
 .text.HAL_PCD_DataOutStageCallback
                0x000000000800a314       0x36 USB_DEVICE/Target/usbd_conf.o
                0x000000000800a314                HAL_PCD_DataOutStageCallback
 .text.HAL_PCD_DataInStageCallback
                0x000000000800a34a       0x34 USB_DEVICE/Target/usbd_conf.o
                0x000000000800a34a                HAL_PCD_DataInStageCallback
 .text.HAL_PCD_SOFCallback
                0x000000000800a37e       0x1c USB_DEVICE/Target/usbd_conf.o
                0x000000000800a37e                HAL_PCD_SOFCallback
 .text.HAL_PCD_ResetCallback
                0x000000000800a39a       0x3c USB_DEVICE/Target/usbd_conf.o
                0x000000000800a39a                HAL_PCD_ResetCallback
 *fill*         0x000000000800a3d6        0x2 
 .text.HAL_PCD_SuspendCallback
                0x000000000800a3d8       0x34 USB_DEVICE/Target/usbd_conf.o
                0x000000000800a3d8                HAL_PCD_SuspendCallback
 .text.HAL_PCD_ResumeCallback
                0x000000000800a40c       0x1c USB_DEVICE/Target/usbd_conf.o
                0x000000000800a40c                HAL_PCD_ResumeCallback
 .text.USBD_LL_Init
                0x000000000800a428       0xb4 USB_DEVICE/Target/usbd_conf.o
                0x000000000800a428                USBD_LL_Init
 .text.USBD_LL_Start
                0x000000000800a4dc       0x36 USB_DEVICE/Target/usbd_conf.o
                0x000000000800a4dc                USBD_LL_Start
 .text.USBD_LL_OpenEP
                0x000000000800a512       0x4c USB_DEVICE/Target/usbd_conf.o
                0x000000000800a512                USBD_LL_OpenEP
 .text.USBD_LL_CloseEP
                0x000000000800a55e       0x3e USB_DEVICE/Target/usbd_conf.o
                0x000000000800a55e                USBD_LL_CloseEP
 .text.USBD_LL_StallEP
                0x000000000800a59c       0x3e USB_DEVICE/Target/usbd_conf.o
                0x000000000800a59c                USBD_LL_StallEP
 .text.USBD_LL_ClearStallEP
                0x000000000800a5da       0x3e USB_DEVICE/Target/usbd_conf.o
                0x000000000800a5da                USBD_LL_ClearStallEP
 .text.USBD_LL_IsStallEP
                0x000000000800a618       0x58 USB_DEVICE/Target/usbd_conf.o
                0x000000000800a618                USBD_LL_IsStallEP
 .text.USBD_LL_SetUSBAddress
                0x000000000800a670       0x3e USB_DEVICE/Target/usbd_conf.o
                0x000000000800a670                USBD_LL_SetUSBAddress
 .text.USBD_LL_Transmit
                0x000000000800a6ae       0x46 USB_DEVICE/Target/usbd_conf.o
                0x000000000800a6ae                USBD_LL_Transmit
 .text.USBD_LL_PrepareReceive
                0x000000000800a6f4       0x46 USB_DEVICE/Target/usbd_conf.o
                0x000000000800a6f4                USBD_LL_PrepareReceive
 .text.USBD_LL_GetRxDataSize
                0x000000000800a73a       0x26 USB_DEVICE/Target/usbd_conf.o
                0x000000000800a73a                USBD_LL_GetRxDataSize
 .text.USBD_static_malloc
                0x000000000800a760       0x18 USB_DEVICE/Target/usbd_conf.o
                0x000000000800a760                USBD_static_malloc
 .text.USBD_static_free
                0x000000000800a778       0x12 USB_DEVICE/Target/usbd_conf.o
                0x000000000800a778                USBD_static_free
 .text.HAL_PCDEx_SetConnectionState
                0x000000000800a78a       0x16 USB_DEVICE/Target/usbd_conf.o
                0x000000000800a78a                HAL_PCDEx_SetConnectionState
 .text.USBD_Get_USB_Status
                0x000000000800a7a0       0x58 USB_DEVICE/Target/usbd_conf.o
 .text.__errno  0x000000000800a7f8        0xc c:/st/stm32cubeide_1.5.1/stm32cubeide/plugins/com.st.stm32cube.ide.mcu.externaltools.gnu-tools-for-stm32.9-2020-q2-update.win32_1.5.0.202011040924/tools/bin/../lib/gcc/arm-none-eabi/9.3.1/../../../../arm-none-eabi/lib/thumb/v7-m/nofp\libc_nano.a(lib_a-errno.o)
                0x000000000800a7f8                __errno
 .text.__libc_init_array
                0x000000000800a804       0x48 c:/st/stm32cubeide_1.5.1/stm32cubeide/plugins/com.st.stm32cube.ide.mcu.externaltools.gnu-tools-for-stm32.9-2020-q2-update.win32_1.5.0.202011040924/tools/bin/../lib/gcc/arm-none-eabi/9.3.1/../../../../arm-none-eabi/lib/thumb/v7-m/nofp\libc_nano.a(lib_a-init.o)
                0x000000000800a804                __libc_init_array
 .text.memset   0x000000000800a84c       0x10 c:/st/stm32cubeide_1.5.1/stm32cubeide/plugins/com.st.stm32cube.ide.mcu.externaltools.gnu-tools-for-stm32.9-2020-q2-update.win32_1.5.0.202011040924/tools/bin/../lib/gcc/arm-none-eabi/9.3.1/../../../../arm-none-eabi/lib/thumb/v7-m/nofp\libc_nano.a(lib_a-memset.o)
                0x000000000800a84c                memset
 .text.snprintf
                0x000000000800a85c       0x68 c:/st/stm32cubeide_1.5.1/stm32cubeide/plugins/com.st.stm32cube.ide.mcu.externaltools.gnu-tools-for-stm32.9-2020-q2-update.win32_1.5.0.202011040924/tools/bin/../lib/gcc/arm-none-eabi/9.3.1/../../../../arm-none-eabi/lib/thumb/v7-m/nofp\libc_nano.a(lib_a-snprintf.o)
                0x000000000800a85c                sniprintf
                0x000000000800a85c                snprintf
 .text.__ssputs_r
                0x000000000800a8c4       0xb6 c:/st/stm32cubeide_1.5.1/stm32cubeide/plugins/com.st.stm32cube.ide.mcu.externaltools.gnu-tools-for-stm32.9-2020-q2-update.win32_1.5.0.202011040924/tools/bin/../lib/gcc/arm-none-eabi/9.3.1/../../../../arm-none-eabi/lib/thumb/v7-m/nofp\libc_nano.a(lib_a-nano-svfprintf.o)
                0x000000000800a8c4                __ssputs_r
 *fill*         0x000000000800a97a        0x2 
 .text._svfprintf_r
                0x000000000800a97c      0x200 c:/st/stm32cubeide_1.5.1/stm32cubeide/plugins/com.st.stm32cube.ide.mcu.externaltools.gnu-tools-for-stm32.9-2020-q2-update.win32_1.5.0.202011040924/tools/bin/../lib/gcc/arm-none-eabi/9.3.1/../../../../arm-none-eabi/lib/thumb/v7-m/nofp\libc_nano.a(lib_a-nano-svfprintf.o)
                0x000000000800a97c                _svfiprintf_r
                0x000000000800a97c                _svfprintf_r
 .text._printf_common
                0x000000000800ab7c       0xde c:/st/stm32cubeide_1.5.1/stm32cubeide/plugins/com.st.stm32cube.ide.mcu.externaltools.gnu-tools-for-stm32.9-2020-q2-update.win32_1.5.0.202011040924/tools/bin/../lib/gcc/arm-none-eabi/9.3.1/../../../../arm-none-eabi/lib/thumb/v7-m/nofp\libc_nano.a(lib_a-nano-vfprintf_i.o)
                0x000000000800ab7c                _printf_common
 *fill*         0x000000000800ac5a        0x2 
 .text._printf_i
                0x000000000800ac5c      0x24c c:/st/stm32cubeide_1.5.1/stm32cubeide/plugins/com.st.stm32cube.ide.mcu.externaltools.gnu-tools-for-stm32.9-2020-q2-update.win32_1.5.0.202011040924/tools/bin/../lib/gcc/arm-none-eabi/9.3.1/../../../../arm-none-eabi/lib/thumb/v7-m/nofp\libc_nano.a(lib_a-nano-vfprintf_i.o)
                0x000000000800ac5c                _printf_i
 .text.memchr   0x000000000800aea8       0x1c c:/st/stm32cubeide_1.5.1/stm32cubeide/plugins/com.st.stm32cube.ide.mcu.externaltools.gnu-tools-for-stm32.9-2020-q2-update.win32_1.5.0.202011040924/tools/bin/../lib/gcc/arm-none-eabi/9.3.1/../../../../arm-none-eabi/lib/thumb/v7-m/nofp\libc_nano.a(lib_a-memchr-stub.o)
                0x000000000800aea8                memchr
 .text.memcpy   0x000000000800aec4       0x1c c:/st/stm32cubeide_1.5.1/stm32cubeide/plugins/com.st.stm32cube.ide.mcu.externaltools.gnu-tools-for-stm32.9-2020-q2-update.win32_1.5.0.202011040924/tools/bin/../lib/gcc/arm-none-eabi/9.3.1/../../../../arm-none-eabi/lib/thumb/v7-m/nofp\libc_nano.a(lib_a-memcpy-stub.o)
                0x000000000800aec4                memcpy
 .text.memmove  0x000000000800aee0       0x34 c:/st/stm32cubeide_1.5.1/stm32cubeide/plugins/com.st.stm32cube.ide.mcu.externaltools.gnu-tools-for-stm32.9-2020-q2-update.win32_1.5.0.202011040924/tools/bin/../lib/gcc/arm-none-eabi/9.3.1/../../../../arm-none-eabi/lib/thumb/v7-m/nofp\libc_nano.a(lib_a-memmove.o)
                0x000000000800aee0                memmove
 .text._free_r  0x000000000800af14       0x98 c:/st/stm32cubeide_1.5.1/stm32cubeide/plugins/com.st.stm32cube.ide.mcu.externaltools.gnu-tools-for-stm32.9-2020-q2-update.win32_1.5.0.202011040924/tools/bin/../lib/gcc/arm-none-eabi/9.3.1/../../../../arm-none-eabi/lib/thumb/v7-m/nofp\libc_nano.a(lib_a-nano-freer.o)
                0x000000000800af14                _free_r
 .text._malloc_r
                0x000000000800afac       0xb4 c:/st/stm32cubeide_1.5.1/stm32cubeide/plugins/com.st.stm32cube.ide.mcu.externaltools.gnu-tools-for-stm32.9-2020-q2-update.win32_1.5.0.202011040924/tools/bin/../lib/gcc/arm-none-eabi/9.3.1/../../../../arm-none-eabi/lib/thumb/v7-m/nofp\libc_nano.a(lib_a-nano-mallocr.o)
                0x000000000800afac                _malloc_r
 .text._realloc_r
                0x000000000800b060       0x4c c:/st/stm32cubeide_1.5.1/stm32cubeide/plugins/com.st.stm32cube.ide.mcu.externaltools.gnu-tools-for-stm32.9-2020-q2-update.win32_1.5.0.202011040924/tools/bin/../lib/gcc/arm-none-eabi/9.3.1/../../../../arm-none-eabi/lib/thumb/v7-m/nofp\libc_nano.a(lib_a-nano-reallocr.o)
                0x000000000800b060                _realloc_r
 .text._sbrk_r  0x000000000800b0ac       0x20 c:/st/stm32cubeide_1.5.1/stm32cubeide/plugins/com.st.stm32cube.ide.mcu.externaltools.gnu-tools-for-stm32.9-2020-q2-update.win32_1.5.0.202011040924/tools/bin/../lib/gcc/arm-none-eabi/9.3.1/../../../../arm-none-eabi/lib/thumb/v7-m/nofp\libc_nano.a(lib_a-sbrkr.o)
                0x000000000800b0ac                _sbrk_r
 .text.__malloc_lock
                0x000000000800b0cc        0xc c:/st/stm32cubeide_1.5.1/stm32cubeide/plugins/com.st.stm32cube.ide.mcu.externaltools.gnu-tools-for-stm32.9-2020-q2-update.win32_1.5.0.202011040924/tools/bin/../lib/gcc/arm-none-eabi/9.3.1/../../../../arm-none-eabi/lib/thumb/v7-m/nofp\libc_nano.a(lib_a-mlock.o)
                0x000000000800b0cc                __malloc_lock
 .text.__malloc_unlock
                0x000000000800b0d8        0xc c:/st/stm32cubeide_1.5.1/stm32cubeide/plugins/com.st.stm32cube.ide.mcu.externaltools.gnu-tools-for-stm32.9-2020-q2-update.win32_1.5.0.202011040924/tools/bin/../lib/gcc/arm-none-eabi/9.3.1/../../../../arm-none-eabi/lib/thumb/v7-m/nofp\libc_nano.a(lib_a-mlock.o)
                0x000000000800b0d8                __malloc_unlock
 .text._malloc_usable_size_r
                0x000000000800b0e4       0x10 c:/st/stm32cubeide_1.5.1/stm32cubeide/plugins/com.st.stm32cube.ide.mcu.externaltools.gnu-tools-for-stm32.9-2020-q2-update.win32_1.5.0.202011040924/tools/bin/../lib/gcc/arm-none-eabi/9.3.1/../../../../arm-none-eabi/lib/thumb/v7-m/nofp\libc_nano.a(lib_a-nano-msizer.o)
                0x000000000800b0e4                _malloc_usable_size_r
 .text.__retarget_lock_acquire_recursive
                0x000000000800b0f4        0x2 c:/st/stm32cubeide_1.5.1/stm32cubeide/plugins/com.st.stm32cube.ide.mcu.externaltools.gnu-tools-for-stm32.9-2020-q2-update.win32_1.5.0.202011040924/tools/bin/../lib/gcc/arm-none-eabi/9.3.1/../../../../arm-none-eabi/lib/thumb/v7-m/nofp\libc_nano.a(lib_a-lock.o)
                0x000000000800b0f4                __retarget_lock_acquire_recursive
 .text.__retarget_lock_release_recursive
                0x000000000800b0f6        0x2 c:/st/stm32cubeide_1.5.1/stm32cubeide/plugins/com.st.stm32cube.ide.mcu.externaltools.gnu-tools-for-stm32.9-2020-q2-update.win32_1.5.0.202011040924/tools/bin/../lib/gcc/arm-none-eabi/9.3.1/../../../../arm-none-eabi/lib/thumb/v7-m/nofp\libc_nano.a(lib_a-lock.o)
                0x000000000800b0f6                __retarget_lock_release_recursive
 *(.glue_7)
 .glue_7        0x000000000800b0f8        0x0 linker stubs
 *(.glue_7t)
 .glue_7t       0x000000000800b0f8        0x0 linker stubs
 *(.eh_frame)
 .eh_frame      0x000000000800b0f8        0x0 c:/st/stm32cubeide_1.5.1/stm32cubeide/plugins/com.st.stm32cube.ide.mcu.externaltools.gnu-tools-for-stm32.9-2020-q2-update.win32_1.5.0.202011040924/tools/bin/../lib/gcc/arm-none-eabi/9.3.1/thumb/v7-m/nofp/crtbegin.o
 *(.init)
 .init          0x000000000800b0f8        0x4 c:/st/stm32cubeide_1.5.1/stm32cubeide/plugins/com.st.stm32cube.ide.mcu.externaltools.gnu-tools-for-stm32.9-2020-q2-update.win32_1.5.0.202011040924/tools/bin/../lib/gcc/arm-none-eabi/9.3.1/thumb/v7-m/nofp/crti.o
                0x000000000800b0f8                _init
 .init          0x000000000800b0fc        0x8 c:/st/stm32cubeide_1.5.1/stm32cubeide/plugins/com.st.stm32cube.ide.mcu.externaltools.gnu-tools-for-stm32.9-2020-q2-update.win32_1.5.0.202011040924/tools/bin/../lib/gcc/arm-none-eabi/9.3.1/thumb/v7-m/nofp/crtn.o
 *(.fini)
 .fini          0x000000000800b104        0x4 c:/st/stm32cubeide_1.5.1/stm32cubeide/plugins/com.st.stm32cube.ide.mcu.externaltools.gnu-tools-for-stm32.9-2020-q2-update.win32_1.5.0.202011040924/tools/bin/../lib/gcc/arm-none-eabi/9.3.1/thumb/v7-m/nofp/crti.o
                0x000000000800b104                _fini
 .fini          0x000000000800b108        0x8 c:/st/stm32cubeide_1.5.1/stm32cubeide/plugins/com.st.stm32cube.ide.mcu.externaltools.gnu-tools-for-stm32.9-2020-q2-update.win32_1.5.0.202011040924/tools/bin/../lib/gcc/arm-none-eabi/9.3.1/thumb/v7-m/nofp/crtn.o
                0x000000000800b110                . = ALIGN (0x4)
                0x000000000800b110                _etext = .

.vfp11_veneer   0x000000000800b110        0x0
 .vfp11_veneer  0x000000000800b110        0x0 linker stubs

.v4_bx          0x000000000800b110        0x0
 .v4_bx         0x000000000800b110        0x0 linker stubs

.iplt           0x000000000800b110        0x0
 .iplt          0x000000000800b110        0x0 c:/st/stm32cubeide_1.5.1/stm32cubeide/plugins/com.st.stm32cube.ide.mcu.externaltools.gnu-tools-for-stm32.9-2020-q2-update.win32_1.5.0.202011040924/tools/bin/../lib/gcc/arm-none-eabi/9.3.1/thumb/v7-m/nofp/crtbegin.o

.rodata         0x000000000800b110      0x2c0
                0x000000000800b110                . = ALIGN (0x4)
 *(.rodata)
 .rodata        0x000000000800b110      0x1fd Core/Src/main.o
 *fill*         0x000000000800b30d        0x3 
 .rodata        0x000000000800b310       0x10 Drivers/STM32F1xx_HAL_Driver/Src/stm32f1xx_hal_rcc.o
 .rodata        0x000000000800b320       0x46 USB_DEVICE/App/usbd_desc.o
 *(.rodata*)
 *fill*         0x000000000800b366        0x2 
 .rodata.ROW_16
                0x000000000800b368        0x4 Core/Src/lcd.o
                0x000000000800b368                ROW_16
 .rodata.steps_arr
                0x000000000800b36c       0x10 Core/Src/main.o
                0x000000000800b36c                steps_arr
 .rodata.P.8524
                0x000000000800b37c        0x4 Core/Src/main.o
 .rodata.limit_top.8527
                0x000000000800b380        0x4 Core/Src/main.o
 .rodata.I.8525
                0x000000000800b384        0x4 Core/Src/main.o
 .rodata.D.8526
                0x000000000800b388        0x4 Core/Src/main.o
 .rodata.AHBPrescTable
                0x000000000800b38c       0x10 Core/Src/system_stm32f1xx.o
                0x000000000800b38c                AHBPrescTable
 .rodata._svfprintf_r.str1.1
                0x000000000800b39c       0x11 c:/st/stm32cubeide_1.5.1/stm32cubeide/plugins/com.st.stm32cube.ide.mcu.externaltools.gnu-tools-for-stm32.9-2020-q2-update.win32_1.5.0.202011040924/tools/bin/../lib/gcc/arm-none-eabi/9.3.1/../../../../arm-none-eabi/lib/thumb/v7-m/nofp\libc_nano.a(lib_a-nano-svfprintf.o)
 .rodata._printf_i.str1.1
                0x000000000800b3ad       0x22 c:/st/stm32cubeide_1.5.1/stm32cubeide/plugins/com.st.stm32cube.ide.mcu.externaltools.gnu-tools-for-stm32.9-2020-q2-update.win32_1.5.0.202011040924/tools/bin/../lib/gcc/arm-none-eabi/9.3.1/../../../../arm-none-eabi/lib/thumb/v7-m/nofp\libc_nano.a(lib_a-nano-vfprintf_i.o)
                0x000000000800b3d0                . = ALIGN (0x4)
 *fill*         0x000000000800b3cf        0x1 

.rel.dyn        0x000000000800b3d0        0x0
 .rel.iplt      0x000000000800b3d0        0x0 c:/st/stm32cubeide_1.5.1/stm32cubeide/plugins/com.st.stm32cube.ide.mcu.externaltools.gnu-tools-for-stm32.9-2020-q2-update.win32_1.5.0.202011040924/tools/bin/../lib/gcc/arm-none-eabi/9.3.1/thumb/v7-m/nofp/crtbegin.o

.ARM.extab      0x000000000800b3d0        0x0
                0x000000000800b3d0                . = ALIGN (0x4)
 *(.ARM.extab* .gnu.linkonce.armextab.*)
                0x000000000800b3d0                . = ALIGN (0x4)

.ARM            0x000000000800b3d0        0x0
                0x000000000800b3d0                . = ALIGN (0x4)
                0x000000000800b3d0                __exidx_start = .
 *(.ARM.exidx*)
                0x000000000800b3d0                __exidx_end = .
                0x000000000800b3d0                . = ALIGN (0x4)

.preinit_array  0x000000000800b3d0        0x0
                0x000000000800b3d0                . = ALIGN (0x4)
                0x000000000800b3d0                PROVIDE (__preinit_array_start = .)
 *(.preinit_array*)
                0x000000000800b3d0                PROVIDE (__preinit_array_end = .)
                0x000000000800b3d0                . = ALIGN (0x4)

.init_array     0x000000000800b3d0        0x4
                0x000000000800b3d0                . = ALIGN (0x4)
                0x000000000800b3d0                PROVIDE (__init_array_start = .)
 *(SORT_BY_NAME(.init_array.*))
 *(.init_array*)
 .init_array    0x000000000800b3d0        0x4 c:/st/stm32cubeide_1.5.1/stm32cubeide/plugins/com.st.stm32cube.ide.mcu.externaltools.gnu-tools-for-stm32.9-2020-q2-update.win32_1.5.0.202011040924/tools/bin/../lib/gcc/arm-none-eabi/9.3.1/thumb/v7-m/nofp/crtbegin.o
                0x000000000800b3d4                PROVIDE (__init_array_end = .)
                0x000000000800b3d4                . = ALIGN (0x4)

.fini_array     0x000000000800b3d4        0x4
                0x000000000800b3d4                . = ALIGN (0x4)
                [!provide]                        PROVIDE (__fini_array_start = .)
 *(SORT_BY_NAME(.fini_array.*))
 *(.fini_array*)
 .fini_array    0x000000000800b3d4        0x4 c:/st/stm32cubeide_1.5.1/stm32cubeide/plugins/com.st.stm32cube.ide.mcu.externaltools.gnu-tools-for-stm32.9-2020-q2-update.win32_1.5.0.202011040924/tools/bin/../lib/gcc/arm-none-eabi/9.3.1/thumb/v7-m/nofp/crtbegin.o
                [!provide]                        PROVIDE (__fini_array_end = .)
                0x000000000800b3d8                . = ALIGN (0x4)
                0x000000000800b3d8                _sidata = LOADADDR (.data)

.data           0x0000000020000000      0x204 load address 0x000000000800b3d8
                0x0000000020000000                . = ALIGN (0x4)
                0x0000000020000000                _sdata = .
 *(.data)
 *(.data*)
 .data.lcd_8line_mode
                0x0000000020000000        0x1 Core/Src/lcd.o
                0x0000000020000000                lcd_8line_mode
 *fill*         0x0000000020000001        0x3 
 .data.ports    0x0000000020000004       0x10 Core/Src/main.o
                0x0000000020000004                ports
 .data.pins     0x0000000020000014        0x8 Core/Src/main.o
                0x0000000020000014                pins
 .data.last_PV.8543
                0x000000002000001c        0x4 Core/Src/main.o
 .data.first_time.8532
                0x0000000020000020        0x1 Core/Src/main.o
 *fill*         0x0000000020000021        0x3 
 .data.SystemCoreClock
                0x0000000020000024        0x4 Core/Src/system_stm32f1xx.o
                0x0000000020000024                SystemCoreClock
 .data.uwTickPrio
                0x0000000020000028        0x4 Drivers/STM32F1xx_HAL_Driver/Src/stm32f1xx_hal.o
                0x0000000020000028                uwTickPrio
 .data.uwTickFreq
                0x000000002000002c        0x1 Drivers/STM32F1xx_HAL_Driver/Src/stm32f1xx_hal.o
                0x000000002000002c                uwTickFreq
 *fill*         0x000000002000002d        0x3 
 .data.USBD_CDC_DeviceQualifierDesc
                0x0000000020000030        0xa Middlewares/ST/STM32_USB_Device_Library/Class/CDC/Src/usbd_cdc.o
 *fill*         0x000000002000003a        0x2 
 .data.USBD_CDC
                0x000000002000003c       0x38 Middlewares/ST/STM32_USB_Device_Library/Class/CDC/Src/usbd_cdc.o
                0x000000002000003c                USBD_CDC
 .data.USBD_CDC_CfgHSDesc
                0x0000000020000074       0x43 Middlewares/ST/STM32_USB_Device_Library/Class/CDC/Src/usbd_cdc.o
                0x0000000020000074                USBD_CDC_CfgHSDesc
 *fill*         0x00000000200000b7        0x1 
 .data.USBD_CDC_CfgFSDesc
                0x00000000200000b8       0x43 Middlewares/ST/STM32_USB_Device_Library/Class/CDC/Src/usbd_cdc.o
                0x00000000200000b8                USBD_CDC_CfgFSDesc
 *fill*         0x00000000200000fb        0x1 
 .data.USBD_CDC_OtherSpeedCfgDesc
                0x00000000200000fc       0x43 Middlewares/ST/STM32_USB_Device_Library/Class/CDC/Src/usbd_cdc.o
                0x00000000200000fc                USBD_CDC_OtherSpeedCfgDesc
 *fill*         0x000000002000013f        0x1 
 .data.USBD_Interface_fops_FS
                0x0000000020000140       0x10 USB_DEVICE/App/usbd_cdc_if.o
                0x0000000020000140                USBD_Interface_fops_FS
 .data.FS_Desc  0x0000000020000150       0x1c USB_DEVICE/App/usbd_desc.o
                0x0000000020000150                FS_Desc
 .data.USBD_FS_DeviceDesc
                0x000000002000016c       0x12 USB_DEVICE/App/usbd_desc.o
                0x000000002000016c                USBD_FS_DeviceDesc
 *fill*         0x000000002000017e        0x2 
 .data.USBD_LangIDDesc
                0x0000000020000180        0x4 USB_DEVICE/App/usbd_desc.o
                0x0000000020000180                USBD_LangIDDesc
 .data.USBD_StringSerial
                0x0000000020000184       0x1a USB_DEVICE/App/usbd_desc.o
                0x0000000020000184                USBD_StringSerial
 *fill*         0x000000002000019e        0x2 
 .data._impure_ptr
                0x00000000200001a0        0x4 c:/st/stm32cubeide_1.5.1/stm32cubeide/plugins/com.st.stm32cube.ide.mcu.externaltools.gnu-tools-for-stm32.9-2020-q2-update.win32_1.5.0.202011040924/tools/bin/../lib/gcc/arm-none-eabi/9.3.1/../../../../arm-none-eabi/lib/thumb/v7-m/nofp\libc_nano.a(lib_a-impure.o)
                0x00000000200001a0                _impure_ptr
 .data.impure_data
                0x00000000200001a4       0x60 c:/st/stm32cubeide_1.5.1/stm32cubeide/plugins/com.st.stm32cube.ide.mcu.externaltools.gnu-tools-for-stm32.9-2020-q2-update.win32_1.5.0.202011040924/tools/bin/../lib/gcc/arm-none-eabi/9.3.1/../../../../arm-none-eabi/lib/thumb/v7-m/nofp\libc_nano.a(lib_a-impure.o)
 *(.RamFunc)
 *(.RamFunc*)
                0x0000000020000204                . = ALIGN (0x4)
                0x0000000020000204                _edata = .

.igot.plt       0x0000000020000204        0x0 load address 0x000000000800b5dc
 .igot.plt      0x0000000020000204        0x0 c:/st/stm32cubeide_1.5.1/stm32cubeide/plugins/com.st.stm32cube.ide.mcu.externaltools.gnu-tools-for-stm32.9-2020-q2-update.win32_1.5.0.202011040924/tools/bin/../lib/gcc/arm-none-eabi/9.3.1/thumb/v7-m/nofp/crtbegin.o
                0x0000000020000204                . = ALIGN (0x4)

.bss            0x0000000020000204     0x1384 load address 0x000000000800b5dc
                0x0000000020000204                _sbss = .
                0x0000000020000204                __bss_start__ = _sbss
 *(.bss)
 .bss           0x0000000020000204       0x1c c:/st/stm32cubeide_1.5.1/stm32cubeide/plugins/com.st.stm32cube.ide.mcu.externaltools.gnu-tools-for-stm32.9-2020-q2-update.win32_1.5.0.202011040924/tools/bin/../lib/gcc/arm-none-eabi/9.3.1/thumb/v7-m/nofp/crtbegin.o
 *(.bss*)
 .bss.global_error
                0x0000000020000220        0x1 Core/Src/main.o
                0x0000000020000220                global_error
 *fill*         0x0000000020000221        0x3 
 .bss.MAX6675   0x0000000020000224        0xa Core/Src/main.o
                0x0000000020000224                MAX6675
 .bss.pwm_value
                0x000000002000022e        0x2 Core/Src/main.o
                0x000000002000022e                pwm_value
 .bss.temperature_SP
                0x0000000020000230        0x2 Core/Src/main.o
                0x0000000020000230                temperature_SP
 .bss.tick      0x0000000020000232        0x1 Core/Src/main.o
                0x0000000020000232                tick
 *fill*         0x0000000020000233        0x1 
 .bss.button    0x0000000020000234        0x2 Core/Src/main.o
                0x0000000020000234                button
 .bss.ui_state  0x0000000020000236        0x1 Core/Src/main.o
                0x0000000020000236                ui_state
 *fill*         0x0000000020000237        0x1 
 .bss.last_time.8438
                0x0000000020000238        0x4 Core/Src/main.o
 .bss.last_button.8439
                0x000000002000023c        0x1 Core/Src/main.o
 *fill*         0x000000002000023d        0x3 
 .bss.but_time.8440
                0x0000000020000240        0x4 Core/Src/main.o
 .bss.last_time.8444
                0x0000000020000244        0x4 Core/Src/main.o
 .bss.last_time.8504
                0x0000000020000248        0x4 Core/Src/main.o
 .bss.ticktack.8505
                0x000000002000024c        0x1 Core/Src/main.o
 .bss.last_button.8506
                0x000000002000024d        0x1 Core/Src/main.o
 .bss.last_encoder.8494
                0x000000002000024e        0x2 Core/Src/main.o
 .bss.diff.8495
                0x0000000020000250        0x2 Core/Src/main.o
 .bss.pos.8501  0x0000000020000252        0x1 Core/Src/main.o
 *fill*         0x0000000020000253        0x1 
 .bss.last_time.8500
                0x0000000020000254        0x4 Core/Src/main.o
 .bss.integral.8542
                0x0000000020000258        0x4 Core/Src/main.o
 .bss.arr.8531  0x000000002000025c       0x10 Core/Src/main.o
 .bss.__sbrk_heap_end
                0x000000002000026c        0x4 Core/Src/sysmem.o
 .bss.cfgidx.8358
                0x0000000020000270        0x1 Middlewares/ST/STM32_USB_Device_Library/Core/Src/usbd_ctlreq.o
 *fill*         0x0000000020000271        0x3 
 .bss.mem.8428  0x0000000020000274      0x220 USB_DEVICE/Target/usbd_conf.o
 .bss.__malloc_free_list
                0x0000000020000494        0x4 c:/st/stm32cubeide_1.5.1/stm32cubeide/plugins/com.st.stm32cube.ide.mcu.externaltools.gnu-tools-for-stm32.9-2020-q2-update.win32_1.5.0.202011040924/tools/bin/../lib/gcc/arm-none-eabi/9.3.1/../../../../arm-none-eabi/lib/thumb/v7-m/nofp\libc_nano.a(lib_a-nano-mallocr.o)
                0x0000000020000494                __malloc_free_list
 .bss.__malloc_sbrk_start
                0x0000000020000498        0x4 c:/st/stm32cubeide_1.5.1/stm32cubeide/plugins/com.st.stm32cube.ide.mcu.externaltools.gnu-tools-for-stm32.9-2020-q2-update.win32_1.5.0.202011040924/tools/bin/../lib/gcc/arm-none-eabi/9.3.1/../../../../arm-none-eabi/lib/thumb/v7-m/nofp\libc_nano.a(lib_a-nano-mallocr.o)
                0x0000000020000498                __malloc_sbrk_start
 *(COMMON)
 COMMON         0x000000002000049c        0x4 Core/Src/delay.o
                0x000000002000049c                htim
 COMMON         0x00000000200004a0      0x154 Core/Src/main.o
                0x00000000200004a0                lcd
                0x00000000200004b8                PID
                0x00000000200004c4                htim3
                0x000000002000050c                htim1
                0x0000000020000554                hspi1
                0x00000000200005ac                htim2
 COMMON         0x00000000200005f4        0x4 Drivers/STM32F1xx_HAL_Driver/Src/stm32f1xx_hal.o
                0x00000000200005f4                uwTick
 COMMON         0x00000000200005f8      0x2c4 USB_DEVICE/App/usb_device.o
                0x00000000200005f8                hUsbDeviceFS
 COMMON         0x00000000200008bc      0x7d0 USB_DEVICE/App/usbd_cdc_if.o
                0x00000000200008bc                UserRxBufferFS
                0x0000000020000ca4                UserTxBufferFS
 COMMON         0x000000002000108c      0x200 USB_DEVICE/App/usbd_desc.o
                0x000000002000108c                USBD_StrDesc
 COMMON         0x000000002000128c      0x2ec USB_DEVICE/Target/usbd_conf.o
                0x000000002000128c                hpcd_USB_FS
 COMMON         0x0000000020001578        0x4 c:/st/stm32cubeide_1.5.1/stm32cubeide/plugins/com.st.stm32cube.ide.mcu.externaltools.gnu-tools-for-stm32.9-2020-q2-update.win32_1.5.0.202011040924/tools/bin/../lib/gcc/arm-none-eabi/9.3.1/../../../../arm-none-eabi/lib/thumb/v7-m/nofp\libc_nano.a(lib_a-reent.o)
                0x0000000020001578                errno
 COMMON         0x000000002000157c        0x9 c:/st/stm32cubeide_1.5.1/stm32cubeide/plugins/com.st.stm32cube.ide.mcu.externaltools.gnu-tools-for-stm32.9-2020-q2-update.win32_1.5.0.202011040924/tools/bin/../lib/gcc/arm-none-eabi/9.3.1/../../../../arm-none-eabi/lib/thumb/v7-m/nofp\libc_nano.a(lib_a-lock.o)
                0x000000002000157c                __lock___atexit_recursive_mutex
                0x000000002000157d                __lock___arc4random_mutex
                0x000000002000157e                __lock___env_recursive_mutex
                0x000000002000157f                __lock___sinit_recursive_mutex
                0x0000000020001580                __lock___malloc_recursive_mutex
                0x0000000020001581                __lock___at_quick_exit_mutex
                0x0000000020001582                __lock___dd_hash_mutex
                0x0000000020001583                __lock___tz_mutex
                0x0000000020001584                __lock___sfp_recursive_mutex
                0x0000000020001588                . = ALIGN (0x4)
 *fill*         0x0000000020001585        0x3 
                0x0000000020001588                _ebss = .
                0x0000000020001588                __bss_end__ = _ebss

._user_heap_stack
                0x0000000020001588      0x600 load address 0x000000000800b5dc
                0x0000000020001588                . = ALIGN (0x8)
                [!provide]                        PROVIDE (end = .)
                0x0000000020001588                PROVIDE (_end = .)
                0x0000000020001788                . = (. + _Min_Heap_Size)
 *fill*         0x0000000020001588      0x200 
                0x0000000020001b88                . = (. + _Min_Stack_Size)
 *fill*         0x0000000020001788      0x400 
                0x0000000020001b88                . = ALIGN (0x8)

/DISCARD/
 libc.a(*)
 libm.a(*)
 libgcc.a(*)

.ARM.attributes
                0x0000000000000000       0x29
 *(.ARM.attributes)
 .ARM.attributes
                0x0000000000000000       0x1d c:/st/stm32cubeide_1.5.1/stm32cubeide/plugins/com.st.stm32cube.ide.mcu.externaltools.gnu-tools-for-stm32.9-2020-q2-update.win32_1.5.0.202011040924/tools/bin/../lib/gcc/arm-none-eabi/9.3.1/thumb/v7-m/nofp/crti.o
 .ARM.attributes
                0x000000000000001d       0x2d c:/st/stm32cubeide_1.5.1/stm32cubeide/plugins/com.st.stm32cube.ide.mcu.externaltools.gnu-tools-for-stm32.9-2020-q2-update.win32_1.5.0.202011040924/tools/bin/../lib/gcc/arm-none-eabi/9.3.1/thumb/v7-m/nofp/crtbegin.o
 .ARM.attributes
                0x000000000000004a       0x2d Core/Src/delay.o
 .ARM.attributes
                0x0000000000000077       0x2d Core/Src/lcd.o
 .ARM.attributes
                0x00000000000000a4       0x2d Core/Src/main.o
 .ARM.attributes
                0x00000000000000d1       0x2d Core/Src/stm32f1xx_hal_msp.o
 .ARM.attributes
                0x00000000000000fe       0x2d Core/Src/stm32f1xx_it.o
 .ARM.attributes
                0x000000000000012b       0x2d Core/Src/sysmem.o
 .ARM.attributes
                0x0000000000000158       0x2d Core/Src/system_stm32f1xx.o
 .ARM.attributes
                0x0000000000000185       0x21 Core/Startup/startup_stm32f103c8tx.o
 .ARM.attributes
                0x00000000000001a6       0x2d Drivers/STM32F1xx_HAL_Driver/Src/stm32f1xx_hal.o
 .ARM.attributes
                0x00000000000001d3       0x2d Drivers/STM32F1xx_HAL_Driver/Src/stm32f1xx_hal_cortex.o
 .ARM.attributes
                0x0000000000000200       0x2d Drivers/STM32F1xx_HAL_Driver/Src/stm32f1xx_hal_gpio.o
 .ARM.attributes
                0x000000000000022d       0x2d Drivers/STM32F1xx_HAL_Driver/Src/stm32f1xx_hal_pcd.o
 .ARM.attributes
                0x000000000000025a       0x2d Drivers/STM32F1xx_HAL_Driver/Src/stm32f1xx_hal_pcd_ex.o
 .ARM.attributes
                0x0000000000000287       0x2d Drivers/STM32F1xx_HAL_Driver/Src/stm32f1xx_hal_rcc.o
 .ARM.attributes
                0x00000000000002b4       0x2d Drivers/STM32F1xx_HAL_Driver/Src/stm32f1xx_hal_rcc_ex.o
 .ARM.attributes
                0x00000000000002e1       0x2d Drivers/STM32F1xx_HAL_Driver/Src/stm32f1xx_hal_spi.o
 .ARM.attributes
                0x000000000000030e       0x2d Drivers/STM32F1xx_HAL_Driver/Src/stm32f1xx_hal_tim.o
 .ARM.attributes
                0x000000000000033b       0x2d Drivers/STM32F1xx_HAL_Driver/Src/stm32f1xx_hal_tim_ex.o
 .ARM.attributes
                0x0000000000000368       0x2d Drivers/STM32F1xx_HAL_Driver/Src/stm32f1xx_ll_usb.o
 .ARM.attributes
                0x0000000000000395       0x2d Middlewares/ST/STM32_USB_Device_Library/Class/CDC/Src/usbd_cdc.o
 .ARM.attributes
                0x00000000000003c2       0x2d Middlewares/ST/STM32_USB_Device_Library/Core/Src/usbd_core.o
 .ARM.attributes
                0x00000000000003ef       0x2d Middlewares/ST/STM32_USB_Device_Library/Core/Src/usbd_ctlreq.o
 .ARM.attributes
                0x000000000000041c       0x2d Middlewares/ST/STM32_USB_Device_Library/Core/Src/usbd_ioreq.o
 .ARM.attributes
                0x0000000000000449       0x2d USB_DEVICE/App/usb_device.o
 .ARM.attributes
                0x0000000000000476       0x2d USB_DEVICE/App/usbd_cdc_if.o
 .ARM.attributes
                0x00000000000004a3       0x2d USB_DEVICE/App/usbd_desc.o
 .ARM.attributes
                0x00000000000004d0       0x2d USB_DEVICE/Target/usbd_conf.o
 .ARM.attributes
                0x00000000000004fd       0x2d c:/st/stm32cubeide_1.5.1/stm32cubeide/plugins/com.st.stm32cube.ide.mcu.externaltools.gnu-tools-for-stm32.9-2020-q2-update.win32_1.5.0.202011040924/tools/bin/../lib/gcc/arm-none-eabi/9.3.1/../../../../arm-none-eabi/lib/thumb/v7-m/nofp\libc_nano.a(lib_a-errno.o)
 .ARM.attributes
                0x000000000000052a       0x2d c:/st/stm32cubeide_1.5.1/stm32cubeide/plugins/com.st.stm32cube.ide.mcu.externaltools.gnu-tools-for-stm32.9-2020-q2-update.win32_1.5.0.202011040924/tools/bin/../lib/gcc/arm-none-eabi/9.3.1/../../../../arm-none-eabi/lib/thumb/v7-m/nofp\libc_nano.a(lib_a-impure.o)
 .ARM.attributes
                0x0000000000000557       0x2d c:/st/stm32cubeide_1.5.1/stm32cubeide/plugins/com.st.stm32cube.ide.mcu.externaltools.gnu-tools-for-stm32.9-2020-q2-update.win32_1.5.0.202011040924/tools/bin/../lib/gcc/arm-none-eabi/9.3.1/../../../../arm-none-eabi/lib/thumb/v7-m/nofp\libc_nano.a(lib_a-init.o)
 .ARM.attributes
                0x0000000000000584       0x2d c:/st/stm32cubeide_1.5.1/stm32cubeide/plugins/com.st.stm32cube.ide.mcu.externaltools.gnu-tools-for-stm32.9-2020-q2-update.win32_1.5.0.202011040924/tools/bin/../lib/gcc/arm-none-eabi/9.3.1/../../../../arm-none-eabi/lib/thumb/v7-m/nofp\libc_nano.a(lib_a-memset.o)
 .ARM.attributes
                0x00000000000005b1       0x2d c:/st/stm32cubeide_1.5.1/stm32cubeide/plugins/com.st.stm32cube.ide.mcu.externaltools.gnu-tools-for-stm32.9-2020-q2-update.win32_1.5.0.202011040924/tools/bin/../lib/gcc/arm-none-eabi/9.3.1/../../../../arm-none-eabi/lib/thumb/v7-m/nofp\libc_nano.a(lib_a-snprintf.o)
 .ARM.attributes
                0x00000000000005de       0x2d c:/st/stm32cubeide_1.5.1/stm32cubeide/plugins/com.st.stm32cube.ide.mcu.externaltools.gnu-tools-for-stm32.9-2020-q2-update.win32_1.5.0.202011040924/tools/bin/../lib/gcc/arm-none-eabi/9.3.1/../../../../arm-none-eabi/lib/thumb/v7-m/nofp\libc_nano.a(lib_a-nano-svfprintf.o)
 .ARM.attributes
                0x000000000000060b       0x2d c:/st/stm32cubeide_1.5.1/stm32cubeide/plugins/com.st.stm32cube.ide.mcu.externaltools.gnu-tools-for-stm32.9-2020-q2-update.win32_1.5.0.202011040924/tools/bin/../lib/gcc/arm-none-eabi/9.3.1/../../../../arm-none-eabi/lib/thumb/v7-m/nofp\libc_nano.a(lib_a-nano-vfprintf_i.o)
 .ARM.attributes
                0x0000000000000638       0x2d c:/st/stm32cubeide_1.5.1/stm32cubeide/plugins/com.st.stm32cube.ide.mcu.externaltools.gnu-tools-for-stm32.9-2020-q2-update.win32_1.5.0.202011040924/tools/bin/../lib/gcc/arm-none-eabi/9.3.1/../../../../arm-none-eabi/lib/thumb/v7-m/nofp\libc_nano.a(lib_a-memchr-stub.o)
 .ARM.attributes
                0x0000000000000665       0x2d c:/st/stm32cubeide_1.5.1/stm32cubeide/plugins/com.st.stm32cube.ide.mcu.externaltools.gnu-tools-for-stm32.9-2020-q2-update.win32_1.5.0.202011040924/tools/bin/../lib/gcc/arm-none-eabi/9.3.1/../../../../arm-none-eabi/lib/thumb/v7-m/nofp\libc_nano.a(lib_a-memcpy-stub.o)
 .ARM.attributes
                0x0000000000000692       0x2d c:/st/stm32cubeide_1.5.1/stm32cubeide/plugins/com.st.stm32cube.ide.mcu.externaltools.gnu-tools-for-stm32.9-2020-q2-update.win32_1.5.0.202011040924/tools/bin/../lib/gcc/arm-none-eabi/9.3.1/../../../../arm-none-eabi/lib/thumb/v7-m/nofp\libc_nano.a(lib_a-memmove.o)
 .ARM.attributes
                0x00000000000006bf       0x2d c:/st/stm32cubeide_1.5.1/stm32cubeide/plugins/com.st.stm32cube.ide.mcu.externaltools.gnu-tools-for-stm32.9-2020-q2-update.win32_1.5.0.202011040924/tools/bin/../lib/gcc/arm-none-eabi/9.3.1/../../../../arm-none-eabi/lib/thumb/v7-m/nofp\libc_nano.a(lib_a-nano-freer.o)
 .ARM.attributes
                0x00000000000006ec       0x2d c:/st/stm32cubeide_1.5.1/stm32cubeide/plugins/com.st.stm32cube.ide.mcu.externaltools.gnu-tools-for-stm32.9-2020-q2-update.win32_1.5.0.202011040924/tools/bin/../lib/gcc/arm-none-eabi/9.3.1/../../../../arm-none-eabi/lib/thumb/v7-m/nofp\libc_nano.a(lib_a-nano-mallocr.o)
 .ARM.attributes
                0x0000000000000719       0x2d c:/st/stm32cubeide_1.5.1/stm32cubeide/plugins/com.st.stm32cube.ide.mcu.externaltools.gnu-tools-for-stm32.9-2020-q2-update.win32_1.5.0.202011040924/tools/bin/../lib/gcc/arm-none-eabi/9.3.1/../../../../arm-none-eabi/lib/thumb/v7-m/nofp\libc_nano.a(lib_a-nano-reallocr.o)
 .ARM.attributes
                0x0000000000000746       0x2d c:/st/stm32cubeide_1.5.1/stm32cubeide/plugins/com.st.stm32cube.ide.mcu.externaltools.gnu-tools-for-stm32.9-2020-q2-update.win32_1.5.0.202011040924/tools/bin/../lib/gcc/arm-none-eabi/9.3.1/../../../../arm-none-eabi/lib/thumb/v7-m/nofp\libc_nano.a(lib_a-sbrkr.o)
 .ARM.attributes
                0x0000000000000773       0x2d c:/st/stm32cubeide_1.5.1/stm32cubeide/plugins/com.st.stm32cube.ide.mcu.externaltools.gnu-tools-for-stm32.9-2020-q2-update.win32_1.5.0.202011040924/tools/bin/../lib/gcc/arm-none-eabi/9.3.1/../../../../arm-none-eabi/lib/thumb/v7-m/nofp\libc_nano.a(lib_a-mlock.o)
 .ARM.attributes
                0x00000000000007a0       0x2d c:/st/stm32cubeide_1.5.1/stm32cubeide/plugins/com.st.stm32cube.ide.mcu.externaltools.gnu-tools-for-stm32.9-2020-q2-update.win32_1.5.0.202011040924/tools/bin/../lib/gcc/arm-none-eabi/9.3.1/../../../../arm-none-eabi/lib/thumb/v7-m/nofp\libc_nano.a(lib_a-nano-msizer.o)
 .ARM.attributes
                0x00000000000007cd       0x2d c:/st/stm32cubeide_1.5.1/stm32cubeide/plugins/com.st.stm32cube.ide.mcu.externaltools.gnu-tools-for-stm32.9-2020-q2-update.win32_1.5.0.202011040924/tools/bin/../lib/gcc/arm-none-eabi/9.3.1/../../../../arm-none-eabi/lib/thumb/v7-m/nofp\libc_nano.a(lib_a-reent.o)
 .ARM.attributes
                0x00000000000007fa       0x2d c:/st/stm32cubeide_1.5.1/stm32cubeide/plugins/com.st.stm32cube.ide.mcu.externaltools.gnu-tools-for-stm32.9-2020-q2-update.win32_1.5.0.202011040924/tools/bin/../lib/gcc/arm-none-eabi/9.3.1/../../../../arm-none-eabi/lib/thumb/v7-m/nofp\libc_nano.a(lib_a-lock.o)
 .ARM.attributes
                0x0000000000000827       0x1d c:/st/stm32cubeide_1.5.1/stm32cubeide/plugins/com.st.stm32cube.ide.mcu.externaltools.gnu-tools-for-stm32.9-2020-q2-update.win32_1.5.0.202011040924/tools/bin/../lib/gcc/arm-none-eabi/9.3.1/thumb/v7-m/nofp/crtn.o
OUTPUT(HotIron.elf elf32-littlearm)
LOAD linker stubs
LOAD c:/st/stm32cubeide_1.5.1/stm32cubeide/plugins/com.st.stm32cube.ide.mcu.externaltools.gnu-tools-for-stm32.9-2020-q2-update.win32_1.5.0.202011040924/tools/bin/../lib/gcc/arm-none-eabi/9.3.1/../../../../arm-none-eabi/lib/thumb/v7-m/nofp\libc.a
LOAD c:/st/stm32cubeide_1.5.1/stm32cubeide/plugins/com.st.stm32cube.ide.mcu.externaltools.gnu-tools-for-stm32.9-2020-q2-update.win32_1.5.0.202011040924/tools/bin/../lib/gcc/arm-none-eabi/9.3.1/../../../../arm-none-eabi/lib/thumb/v7-m/nofp\libm.a
LOAD c:/st/stm32cubeide_1.5.1/stm32cubeide/plugins/com.st.stm32cube.ide.mcu.externaltools.gnu-tools-for-stm32.9-2020-q2-update.win32_1.5.0.202011040924/tools/bin/../lib/gcc/arm-none-eabi/9.3.1/thumb/v7-m/nofp\libgcc.a

.debug_info     0x0000000000000000    0x1af88
 .debug_info    0x0000000000000000      0x76b Core/Src/delay.o
 .debug_info    0x000000000000076b      0x711 Core/Src/lcd.o
 .debug_info    0x0000000000000e7c     0x275a Core/Src/main.o
 .debug_info    0x00000000000035d6      0xf32 Core/Src/stm32f1xx_hal_msp.o
 .debug_info    0x0000000000004508      0xc7c Core/Src/stm32f1xx_it.o
 .debug_info    0x0000000000005184      0xa25 Core/Src/sysmem.o
 .debug_info    0x0000000000005ba9      0x2be Core/Src/system_stm32f1xx.o
 .debug_info    0x0000000000005e67       0x22 Core/Startup/startup_stm32f103c8tx.o
 .debug_info    0x0000000000005e89      0x76a Drivers/STM32F1xx_HAL_Driver/Src/stm32f1xx_hal.o
 .debug_info    0x00000000000065f3      0xbdc Drivers/STM32F1xx_HAL_Driver/Src/stm32f1xx_hal_cortex.o
 .debug_info    0x00000000000071cf      0x701 Drivers/STM32F1xx_HAL_Driver/Src/stm32f1xx_hal_gpio.o
 .debug_info    0x00000000000078d0     0x1509 Drivers/STM32F1xx_HAL_Driver/Src/stm32f1xx_hal_pcd.o
 .debug_info    0x0000000000008dd9      0x7fc Drivers/STM32F1xx_HAL_Driver/Src/stm32f1xx_hal_pcd_ex.o
 .debug_info    0x00000000000095d5      0x88e Drivers/STM32F1xx_HAL_Driver/Src/stm32f1xx_hal_rcc.o
 .debug_info    0x0000000000009e63      0x480 Drivers/STM32F1xx_HAL_Driver/Src/stm32f1xx_hal_rcc_ex.o
 .debug_info    0x000000000000a2e3     0x16d7 Drivers/STM32F1xx_HAL_Driver/Src/stm32f1xx_hal_spi.o
 .debug_info    0x000000000000b9ba     0x2a45 Drivers/STM32F1xx_HAL_Driver/Src/stm32f1xx_hal_tim.o
 .debug_info    0x000000000000e3ff     0x14d5 Drivers/STM32F1xx_HAL_Driver/Src/stm32f1xx_hal_tim_ex.o
 .debug_info    0x000000000000f8d4     0x19e6 Drivers/STM32F1xx_HAL_Driver/Src/stm32f1xx_ll_usb.o
 .debug_info    0x00000000000112ba     0x193a Middlewares/ST/STM32_USB_Device_Library/Class/CDC/Src/usbd_cdc.o
 .debug_info    0x0000000000012bf4     0x12ef Middlewares/ST/STM32_USB_Device_Library/Core/Src/usbd_core.o
 .debug_info    0x0000000000013ee3     0x125c Middlewares/ST/STM32_USB_Device_Library/Core/Src/usbd_ctlreq.o
 .debug_info    0x000000000001513f     0x102e Middlewares/ST/STM32_USB_Device_Library/Core/Src/usbd_ioreq.o
 .debug_info    0x000000000001616d      0xf6b USB_DEVICE/App/usb_device.o
 .debug_info    0x00000000000170d8     0x1140 USB_DEVICE/App/usbd_cdc_if.o
 .debug_info    0x0000000000018218      0xde8 USB_DEVICE/App/usbd_desc.o
 .debug_info    0x0000000000019000     0x1f88 USB_DEVICE/Target/usbd_conf.o

.debug_abbrev   0x0000000000000000     0x3bae
 .debug_abbrev  0x0000000000000000      0x1ad Core/Src/delay.o
 .debug_abbrev  0x00000000000001ad      0x1bc Core/Src/lcd.o
 .debug_abbrev  0x0000000000000369      0x405 Core/Src/main.o
 .debug_abbrev  0x000000000000076e      0x1f5 Core/Src/stm32f1xx_hal_msp.o
 .debug_abbrev  0x0000000000000963      0x1a7 Core/Src/stm32f1xx_it.o
 .debug_abbrev  0x0000000000000b0a      0x1bf Core/Src/sysmem.o
 .debug_abbrev  0x0000000000000cc9      0x14e Core/Src/system_stm32f1xx.o
 .debug_abbrev  0x0000000000000e17       0x12 Core/Startup/startup_stm32f103c8tx.o
 .debug_abbrev  0x0000000000000e29      0x1ed Drivers/STM32F1xx_HAL_Driver/Src/stm32f1xx_hal.o
 .debug_abbrev  0x0000000000001016      0x313 Drivers/STM32F1xx_HAL_Driver/Src/stm32f1xx_hal_cortex.o
 .debug_abbrev  0x0000000000001329      0x1e8 Drivers/STM32F1xx_HAL_Driver/Src/stm32f1xx_hal_gpio.o
 .debug_abbrev  0x0000000000001511      0x29e Drivers/STM32F1xx_HAL_Driver/Src/stm32f1xx_hal_pcd.o
 .debug_abbrev  0x00000000000017af      0x1ac Drivers/STM32F1xx_HAL_Driver/Src/stm32f1xx_hal_pcd_ex.o
 .debug_abbrev  0x000000000000195b      0x273 Drivers/STM32F1xx_HAL_Driver/Src/stm32f1xx_hal_rcc.o
 .debug_abbrev  0x0000000000001bce      0x193 Drivers/STM32F1xx_HAL_Driver/Src/stm32f1xx_hal_rcc_ex.o
 .debug_abbrev  0x0000000000001d61      0x27f Drivers/STM32F1xx_HAL_Driver/Src/stm32f1xx_hal_spi.o
 .debug_abbrev  0x0000000000001fe0      0x25e Drivers/STM32F1xx_HAL_Driver/Src/stm32f1xx_hal_tim.o
 .debug_abbrev  0x000000000000223e      0x266 Drivers/STM32F1xx_HAL_Driver/Src/stm32f1xx_hal_tim_ex.o
 .debug_abbrev  0x00000000000024a4      0x1fa Drivers/STM32F1xx_HAL_Driver/Src/stm32f1xx_ll_usb.o
 .debug_abbrev  0x000000000000269e      0x2f6 Middlewares/ST/STM32_USB_Device_Library/Class/CDC/Src/usbd_cdc.o
 .debug_abbrev  0x0000000000002994      0x2a8 Middlewares/ST/STM32_USB_Device_Library/Core/Src/usbd_core.o
 .debug_abbrev  0x0000000000002c3c      0x2de Middlewares/ST/STM32_USB_Device_Library/Core/Src/usbd_ctlreq.o
 .debug_abbrev  0x0000000000002f1a      0x20a Middlewares/ST/STM32_USB_Device_Library/Core/Src/usbd_ioreq.o
 .debug_abbrev  0x0000000000003124      0x1e4 USB_DEVICE/App/usb_device.o
 .debug_abbrev  0x0000000000003308      0x2bf USB_DEVICE/App/usbd_cdc_if.o
 .debug_abbrev  0x00000000000035c7      0x2ca USB_DEVICE/App/usbd_desc.o
 .debug_abbrev  0x0000000000003891      0x31d USB_DEVICE/Target/usbd_conf.o

.debug_aranges  0x0000000000000000     0x12f8
 .debug_aranges
                0x0000000000000000       0x28 Core/Src/delay.o
 .debug_aranges
                0x0000000000000028       0x78 Core/Src/lcd.o
 .debug_aranges
                0x00000000000000a0       0xc8 Core/Src/main.o
 .debug_aranges
                0x0000000000000168       0x58 Core/Src/stm32f1xx_hal_msp.o
 .debug_aranges
                0x00000000000001c0       0x70 Core/Src/stm32f1xx_it.o
 .debug_aranges
                0x0000000000000230       0x20 Core/Src/sysmem.o
 .debug_aranges
                0x0000000000000250       0x28 Core/Src/system_stm32f1xx.o
 .debug_aranges
                0x0000000000000278       0x28 Core/Startup/startup_stm32f103c8tx.o
 .debug_aranges
                0x00000000000002a0       0xe0 Drivers/STM32F1xx_HAL_Driver/Src/stm32f1xx_hal.o
 .debug_aranges
                0x0000000000000380      0x100 Drivers/STM32F1xx_HAL_Driver/Src/stm32f1xx_hal_cortex.o
 .debug_aranges
                0x0000000000000480       0x58 Drivers/STM32F1xx_HAL_Driver/Src/stm32f1xx_hal_gpio.o
 .debug_aranges
                0x00000000000004d8      0x138 Drivers/STM32F1xx_HAL_Driver/Src/stm32f1xx_hal_pcd.o
 .debug_aranges
                0x0000000000000610       0x38 Drivers/STM32F1xx_HAL_Driver/Src/stm32f1xx_hal_pcd_ex.o
 .debug_aranges
                0x0000000000000648       0x90 Drivers/STM32F1xx_HAL_Driver/Src/stm32f1xx_hal_rcc.o
 .debug_aranges
                0x00000000000006d8       0x30 Drivers/STM32F1xx_HAL_Driver/Src/stm32f1xx_hal_rcc_ex.o
 .debug_aranges
                0x0000000000000708      0x1d0 Drivers/STM32F1xx_HAL_Driver/Src/stm32f1xx_hal_spi.o
 .debug_aranges
                0x00000000000008d8      0x3d0 Drivers/STM32F1xx_HAL_Driver/Src/stm32f1xx_hal_tim.o
 .debug_aranges
                0x0000000000000ca8      0x168 Drivers/STM32F1xx_HAL_Driver/Src/stm32f1xx_hal_tim_ex.o
 .debug_aranges
                0x0000000000000e10       0xf0 Drivers/STM32F1xx_HAL_Driver/Src/stm32f1xx_ll_usb.o
 .debug_aranges
                0x0000000000000f00       0x90 Middlewares/ST/STM32_USB_Device_Library/Class/CDC/Src/usbd_cdc.o
 .debug_aranges
                0x0000000000000f90       0xb8 Middlewares/ST/STM32_USB_Device_Library/Core/Src/usbd_core.o
 .debug_aranges
                0x0000000000001048       0x88 Middlewares/ST/STM32_USB_Device_Library/Core/Src/usbd_ctlreq.o
 .debug_aranges
                0x00000000000010d0       0x50 Middlewares/ST/STM32_USB_Device_Library/Core/Src/usbd_ioreq.o
 .debug_aranges
                0x0000000000001120       0x20 USB_DEVICE/App/usb_device.o
 .debug_aranges
                0x0000000000001140       0x40 USB_DEVICE/App/usbd_cdc_if.o
 .debug_aranges
                0x0000000000001180       0x60 USB_DEVICE/App/usbd_desc.o
 .debug_aranges
                0x00000000000011e0      0x118 USB_DEVICE/Target/usbd_conf.o

.debug_ranges   0x0000000000000000     0x1150
 .debug_ranges  0x0000000000000000       0x18 Core/Src/delay.o
 .debug_ranges  0x0000000000000018       0x68 Core/Src/lcd.o
 .debug_ranges  0x0000000000000080       0xb8 Core/Src/main.o
 .debug_ranges  0x0000000000000138       0x48 Core/Src/stm32f1xx_hal_msp.o
 .debug_ranges  0x0000000000000180       0x60 Core/Src/stm32f1xx_it.o