main.c:141:6:int2string	32	static
main.c:160:8:int2time	16	static
main.c:206:6:init_lcd	120	static
main.c:241:6:do_button	16	static
main.c:264:6:do_blink	8	static
main.c:277:6:get_max6675	16	static
main.c:288:6:ascii_max6675	24	static
main.c:316:6:do_usb	272	static
main.c:374:7:lcd_mini_clear	16	static
main.c:353:6:do_interface	24	static
main.c:389:11:change_temperature	32	static
main.c:404:7:heatplate	32	static
main.c:454:7:do_reflow	40	static
main.c:867:10:deltaT	32	static
main.c:859:9:pid	40	static
main.c:936:6:HAL_TIM_OC_DelayElapsedCallback	24	static
main.c:957:5:main	8	static
main.c:1019:6:SystemClock_Config	88	static
main.c:1065:13:MX_SPI1_Init	8	static
main.c:1103:13:MX_TIM1_Init	32	static
main.c:1149:13:MX_TIM2_Init	64	static
main.c:1221:13:MX_TIM3_Init	56	static
main.c:1270:13:MX_GPIO_Init	40	static
main.c:1332:6:Error_Handler	4	static,ignoring_inline_asm
