main.c:157:6:int2string	32	static
main.c:171:6:init_lcd	120	static
main.c:217:6:do_button	16	static
main.c:239:6:do_blink	8	static
main.c:248:6:get_max6675	16	static
main.c:259:6:ascii_max6675	24	static
main.c:287:6:do_max6675	8	static
main.c:345:6:do_usb	272	static
main.c:441:7:lcd_mini_clear	16	static
main.c:439:6:do_interface	16	static
main.c:449:7:heatplate	24	static
main.c:484:7:do_reflow	24	static
main.c:764:10:deltaT	32	static
main.c:757:9:pid	40	static
main.c:822:6:HAL_TIM_OC_DelayElapsedCallback	24	static
main.c:843:5:main	8	static
main.c:936:6:SystemClock_Config	88	static
main.c:982:13:MX_SPI1_Init	8	static
main.c:1020:13:MX_TIM1_Init	32	static
main.c:1066:13:MX_TIM2_Init	64	static
main.c:1138:13:MX_TIM3_Init	56	static
main.c:1187:13:MX_GPIO_Init	40	static
main.c:1249:6:Error_Handler	4	static,ignoring_inline_asm
