main.c:139:6:int2string	32	static
main.c:164:6:init_lcd	120	static
main.c:199:6:do_button	16	static
main.c:222:6:do_blink	8	static
main.c:235:6:get_max6675	16	static
main.c:246:6:ascii_max6675	24	static
main.c:274:6:do_usb	272	static
main.c:332:7:lcd_mini_clear	16	static
main.c:311:6:do_interface	24	static
main.c:344:7:heatplate	24	static
main.c:382:7:do_reflow	24	static
main.c:697:10:deltaT	32	static
main.c:689:9:pid	40	static
main.c:767:6:HAL_TIM_OC_DelayElapsedCallback	24	static
main.c:788:5:main	8	static
main.c:850:6:SystemClock_Config	88	static
main.c:896:13:MX_SPI1_Init	8	static
main.c:934:13:MX_TIM1_Init	32	static
main.c:980:13:MX_TIM2_Init	64	static
main.c:1052:13:MX_TIM3_Init	56	static
main.c:1101:13:MX_GPIO_Init	40	static
main.c:1163:6:Error_Handler	4	static,ignoring_inline_asm
