main.c:148:6:int2string	32	static
main.c:162:6:init_lcd	120	static
main.c:195:6:do_button	16	static
main.c:217:6:do_blink	8	static
main.c:226:6:get_max6675	16	static
main.c:237:6:ascii_max6675	24	static
main.c:265:6:do_usb	272	static
main.c:309:7:lcd_mini_clear	16	static
main.c:302:6:do_interface	16	static
main.c:321:7:heatplate	24	static
main.c:359:7:do_reflow	24	static
main.c:595:10:deltaT	32	static
main.c:588:9:pid	40	static
main.c:653:6:HAL_TIM_OC_DelayElapsedCallback	24	static
main.c:674:5:main	8	static
main.c:767:6:SystemClock_Config	88	static
main.c:813:13:MX_SPI1_Init	8	static
main.c:851:13:MX_TIM1_Init	32	static
main.c:897:13:MX_TIM2_Init	64	static
main.c:969:13:MX_TIM3_Init	56	static
main.c:1018:13:MX_GPIO_Init	40	static
main.c:1080:6:Error_Handler	4	static,ignoring_inline_asm
