main.c:114:6:int2string	32	static
main.c:128:6:init_lcd	120	static
main.c:174:6:do_button	16	static
main.c:196:6:do_blink	8	static
main.c:205:6:get_max6675	16	static
main.c:214:6:ascii_max6675	24	static
main.c:242:6:do_max6675	8	static
main.c:254:6:do_pwm	4	static
main.c:300:6:do_usb	40	static
main.c:333:6:do_lcd	24	static
main.c:382:7:lcd_mini_clear	16	static
main.c:380:6:do_interface	16	static
main.c:390:7:heatplate	24	static
main.c:545:9:pid	40	static
main.c:575:6:HAL_TIM_OC_DelayElapsedCallback	24	static
main.c:596:5:main	8	static
main.c:692:6:SystemClock_Config	88	static
main.c:738:13:MX_SPI1_Init	8	static
main.c:776:13:MX_TIM1_Init	32	static
main.c:822:13:MX_TIM2_Init	64	static
main.c:894:13:MX_TIM3_Init	56	static
main.c:943:13:MX_GPIO_Init	40	static
main.c:1005:6:Error_Handler	4	static,ignoring_inline_asm
