main.c:145:6:int2string	32	static
main.c:164:8:int2time	16	static
main.c:210:6:init_lcd	120	static
main.c:245:6:do_button	16	static
main.c:268:6:do_blink	8	static
main.c:281:6:get_max6675	16	static
main.c:292:6:ascii_max6675	24	static
main.c:320:6:do_usb	272	static
main.c:378:7:lcd_mini_clear	16	static
main.c:357:6:do_interface	24	static
main.c:393:11:change_temperature	32	static
main.c:411:11:change_time	32	static
main.c:444:7:heatplate	32	static
main.c:495:7:do_profile_settings	16	static
main.c:514:7:do_reflow	48	static
main.c:939:10:deltaT	32	static
main.c:931:9:pid	40	static
main.c:1008:6:HAL_TIM_OC_DelayElapsedCallback	24	static
main.c:1029:5:main	8	static
main.c:1091:6:SystemClock_Config	88	static
main.c:1137:13:MX_SPI1_Init	8	static
main.c:1175:13:MX_TIM1_Init	32	static
main.c:1221:13:MX_TIM2_Init	64	static
main.c:1293:13:MX_TIM3_Init	56	static
main.c:1342:13:MX_GPIO_Init	40	static
main.c:1404:6:Error_Handler	4	static,ignoring_inline_asm
