main.c:137:6:int2string	32	static
main.c:151:6:init_lcd	120	static
main.c:197:6:do_button	16	static
main.c:219:6:do_blink	8	static
main.c:228:6:get_max6675	16	static
main.c:239:6:ascii_max6675	24	static
main.c:267:6:do_max6675	8	static
main.c:325:6:do_usb	264	static
main.c:421:7:lcd_mini_clear	16	static
main.c:419:6:do_interface	16	static
main.c:429:7:heatplate	24	static
main.c:464:7:do_reflow	24	static
main.c:671:9:pid	40	static
main.c:706:6:HAL_TIM_OC_DelayElapsedCallback	24	static
main.c:727:5:main	8	static
main.c:820:6:SystemClock_Config	88	static
main.c:866:13:MX_SPI1_Init	8	static
main.c:904:13:MX_TIM1_Init	32	static
main.c:950:13:MX_TIM2_Init	64	static
main.c:1022:13:MX_TIM3_Init	56	static
main.c:1071:13:MX_GPIO_Init	40	static
main.c:1133:6:Error_Handler	4	static,ignoring_inline_asm
