main.c:121:6:int2string	32	static
main.c:135:6:init_lcd	120	static
main.c:181:6:do_button	16	static
main.c:203:6:do_blink	8	static
main.c:212:6:get_max6675	16	static
main.c:223:6:ascii_max6675	24	static
main.c:251:6:do_max6675	8	static
main.c:263:6:do_pwm	4	static
main.c:309:6:do_usb	40	static
main.c:342:6:do_lcd	24	static
main.c:391:7:lcd_mini_clear	16	static
main.c:389:6:do_interface	16	static
main.c:399:7:heatplate	24	static
main.c:555:9:pid	40	static
main.c:585:6:HAL_TIM_OC_DelayElapsedCallback	24	static
main.c:605:5:main	8	static
main.c:701:6:SystemClock_Config	88	static
main.c:747:13:MX_SPI1_Init	8	static
main.c:785:13:MX_TIM1_Init	32	static
main.c:831:13:MX_TIM2_Init	64	static
main.c:903:13:MX_TIM3_Init	56	static
main.c:952:13:MX_GPIO_Init	40	static
main.c:1014:6:Error_Handler	4	static,ignoring_inline_asm
