main.c:149:6:int2string	32	static
main.c:163:6:init_lcd	120	static
main.c:196:6:do_button	16	static
main.c:219:6:do_blink	8	static
main.c:232:6:get_max6675	16	static
main.c:243:6:ascii_max6675	24	static
main.c:271:6:do_usb	272	static
main.c:320:7:lcd_mini_clear	16	static
main.c:312:6:do_interface	16	static
main.c:332:7:heatplate	24	static
main.c:370:7:do_reflow	24	static
main.c:626:10:deltaT	32	static
main.c:618:9:pid	40	static
main.c:696:6:HAL_TIM_OC_DelayElapsedCallback	24	static
main.c:717:5:main	8	static
main.c:779:6:SystemClock_Config	88	static
main.c:825:13:MX_SPI1_Init	8	static
main.c:863:13:MX_TIM1_Init	32	static
main.c:909:13:MX_TIM2_Init	64	static
main.c:981:13:MX_TIM3_Init	56	static
main.c:1030:13:MX_GPIO_Init	40	static
main.c:1092:6:Error_Handler	4	static,ignoring_inline_asm
