main.c:150:6:int2string	32	static
main.c:169:8:int2time	16	static
main.c:215:6:init_lcd	120	static
main.c:250:6:do_button	16	static
main.c:273:6:do_blink	8	static
main.c:286:6:get_max6675	16	static
main.c:297:6:ascii_max6675	24	static
main.c:325:6:do_usb	272	static
main.c:383:7:lcd_mini_clear	16	static
main.c:362:6:do_interface	24	static
main.c:398:11:change_temperature	32	static
main.c:416:11:change_time	32	static
main.c:449:7:heatplate	32	static
main.c:525:8:show_step_menu	32	static
main.c:500:7:do_profile_settings	48	static
main.c:883:7:do_reflow	48	static
main.c:1311:10:deltaT	32	static
main.c:1303:9:pid	40	static
main.c:1380:6:HAL_TIM_OC_DelayElapsedCallback	24	static
main.c:1401:5:main	24	static
main.c:1475:6:SystemClock_Config	88	static
main.c:1521:13:MX_SPI1_Init	8	static
main.c:1559:13:MX_TIM1_Init	32	static
main.c:1605:13:MX_TIM2_Init	64	static
main.c:1677:13:MX_TIM3_Init	56	static
main.c:1726:13:MX_TIM4_Init	64	static
main.c:1783:13:MX_DMA_Init	16	static
main.c:1801:13:MX_GPIO_Init	40	static
main.c:1863:6:Error_Handler	4	static,ignoring_inline_asm
