main.c:159:6:int2string	32	static
main.c:178:8:int2time	16	static
main.c:224:6:init_lcd	120	static
main.c:259:6:do_button	16	static
main.c:282:6:do_blink	8	static
main.c:295:6:get_max6675	16	static
main.c:306:6:ascii_max6675	24	static
main.c:334:6:do_usb	272	static
main.c:370:6:do_peep	8	static
main.c:473:7:lcd_mini_clear	16	static
main.c:452:6:do_interface	24	static
main.c:488:11:change_temperature	32	static
main.c:506:11:change_time	32	static
main.c:539:7:heatplate	32	static
main.c:615:8:show_step_menu	32	static
main.c:590:7:do_profile_settings	48	static
main.c:973:7:do_reflow	48	static
main.c:1425:10:deltaT	32	static
main.c:1417:9:pid	40	static
main.c:1494:6:HAL_TIM_OC_DelayElapsedCallback	24	static
main.c:1509:6:HAL_TIM_PWM_PulseFinishedCallback	16	static
main.c:1525:5:main	8	static
main.c:1590:6:SystemClock_Config	88	static
main.c:1636:13:MX_SPI1_Init	8	static
main.c:1674:13:MX_TIM1_Init	32	static
main.c:1720:13:MX_TIM2_Init	64	static
main.c:1792:13:MX_TIM3_Init	56	static
main.c:1841:13:MX_TIM4_Init	64	static
main.c:1898:13:MX_DMA_Init	16	static
main.c:1916:13:MX_GPIO_Init	40	static
main.c:1978:6:Error_Handler	4	static,ignoring_inline_asm
