main.c:146:6:int2string	32	static
main.c:165:8:int2time	16	static
main.c:211:6:init_lcd	120	static
main.c:246:6:do_button	16	static
main.c:269:6:do_blink	8	static
main.c:282:6:get_max6675	16	static
main.c:293:6:ascii_max6675	24	static
main.c:321:6:do_usb	272	static
main.c:379:7:lcd_mini_clear	16	static
main.c:358:6:do_interface	24	static
main.c:394:11:change_temperature	32	static
main.c:412:11:change_time	32	static
main.c:445:7:heatplate	32	static
main.c:496:7:do_profile_settings	32	static
main.c:617:7:do_reflow	48	static
main.c:1042:10:deltaT	32	static
main.c:1034:9:pid	40	static
main.c:1111:6:HAL_TIM_OC_DelayElapsedCallback	24	static
main.c:1132:5:main	8	static
main.c:1194:6:SystemClock_Config	88	static
main.c:1240:13:MX_SPI1_Init	8	static
main.c:1278:13:MX_TIM1_Init	32	static
main.c:1324:13:MX_TIM2_Init	64	static
main.c:1396:13:MX_TIM3_Init	56	static
main.c:1445:13:MX_GPIO_Init	40	static
main.c:1507:6:Error_Handler	4	static,ignoring_inline_asm
