main.c:146:6:int2string	32	static
main.c:165:8:int2time	16	static
main.c:211:6:init_lcd	120	static
main.c:246:6:do_button	16	static
main.c:269:6:do_blink	8	static
main.c:282:6:get_max6675	16	static
main.c:293:6:ascii_max6675	24	static
main.c:321:6:do_usb	272	static
main.c:379:7:lcd_mini_clear	16	static
main.c:358:6:do_interface	24	static
main.c:394:11:change_temperature	32	static
main.c:412:11:change_time	32	static
main.c:445:7:heatplate	32	static
main.c:521:8:show_step_menu	32	static
main.c:496:7:do_profile_settings	48	static
main.c:884:7:do_reflow	48	static
main.c:1312:10:deltaT	32	static
main.c:1304:9:pid	40	static
main.c:1381:6:HAL_TIM_OC_DelayElapsedCallback	24	static
main.c:1402:5:main	8	static
main.c:1464:6:SystemClock_Config	88	static
main.c:1510:13:MX_SPI1_Init	8	static
main.c:1548:13:MX_TIM1_Init	32	static
main.c:1594:13:MX_TIM2_Init	64	static
main.c:1666:13:MX_TIM3_Init	56	static
main.c:1715:13:MX_GPIO_Init	40	static
main.c:1777:6:Error_Handler	4	static,ignoring_inline_asm
