main.c:157:6:int2string	32	static
main.c:176:8:int2time	16	static
main.c:222:6:init_lcd	120	static
main.c:261:6:do_button	16	static
main.c:290:6:do_blink	8	static
main.c:303:6:get_max6675	16	static
main.c:314:6:ascii_max6675	24	static
main.c:349:6:do_usb	272	static
main.c:369:6:do_peep	8	static
main.c:481:7:lcd_mini_clear	16	static
main.c:461:6:do_interface	24	static
main.c:496:11:change_temperature	32	static
main.c:516:11:change_time	32	static
main.c:550:7:heatplate	32	static
main.c:620:8:show_step_menu	32	static
main.c:592:7:do_profile_settings	48	static
main.c:959:7:do_reflow	48	static
main.c:1416:10:deltaT	32	static
main.c:1408:9:pid	40	static
main.c:1485:6:HAL_TIM_OC_DelayElapsedCallback	24	static
main.c:1500:6:HAL_TIM_PWM_PulseFinishedCallback	16	static
main.c:1516:5:main	8	static
main.c:1581:6:SystemClock_Config	88	static
main.c:1627:13:MX_SPI1_Init	8	static
main.c:1665:13:MX_TIM1_Init	32	static
main.c:1711:13:MX_TIM2_Init	64	static
main.c:1783:13:MX_TIM3_Init	56	static
main.c:1832:13:MX_TIM4_Init	64	static
main.c:1889:13:MX_DMA_Init	16	static
main.c:1907:13:MX_GPIO_Init	40	static
main.c:1969:6:Error_Handler	4	static,ignoring_inline_asm
