main.c:113:6:int2string	32	static
main.c:127:6:init_lcd	120	static
main.c:172:6:do_button	16	static
main.c:194:6:do_blink	8	static
main.c:203:6:get_max6675	16	static
main.c:211:6:ascii_max6675	24	static
main.c:239:6:do_max6675	8	static
main.c:251:6:do_pwm	4	static
main.c:297:6:do_usb	40	static
main.c:330:6:do_lcd	24	static
main.c:379:7:lcd_mini_clear	16	static
main.c:377:6:do_interface	16	static
main.c:387:7:heatplate	24	static
main.c:542:9:pid	56	static
main.c:578:5:main	8	static
main.c:670:6:SystemClock_Config	88	static
main.c:716:13:MX_SPI1_Init	8	static
main.c:754:13:MX_TIM1_Init	32	static
main.c:800:13:MX_TIM2_Init	64	static
main.c:859:13:MX_TIM3_Init	56	static
main.c:908:13:MX_GPIO_Init	40	static
main.c:967:6:Error_Handler	4	static,ignoring_inline_asm
