main.c:158:6:int2string	32	static
main.c:177:8:int2time	16	static
main.c:223:6:init_lcd	120	static
main.c:262:6:do_button	16	static
main.c:291:6:do_blink	8	static
main.c:304:6:get_max6675	16	static
main.c:315:6:ascii_max6675	24	static
main.c:350:6:do_usb	272	static
main.c:370:6:do_peep	8	static
main.c:491:7:lcd_mini_clear	16	static
main.c:471:6:do_interface	24	static
main.c:506:11:change_temperature	32	static
main.c:526:11:change_time	32	static
main.c:560:7:heatplate	32	static
main.c:630:8:show_step_menu	32	static
main.c:602:7:do_profile_settings	48	static
main.c:969:7:do_reflow	48	static
main.c:1436:10:deltaT	32	static
main.c:1428:9:pid	40	static
main.c:1505:6:HAL_TIM_OC_DelayElapsedCallback	24	static
main.c:1520:6:HAL_TIM_PWM_PulseFinishedCallback	16	static
main.c:1536:5:main	8	static
main.c:1601:6:SystemClock_Config	88	static
main.c:1647:13:MX_SPI1_Init	8	static
main.c:1685:13:MX_TIM1_Init	32	static
main.c:1731:13:MX_TIM2_Init	64	static
main.c:1803:13:MX_TIM3_Init	56	static
main.c:1852:13:MX_TIM4_Init	64	static
main.c:1909:13:MX_DMA_Init	16	static
main.c:1927:13:MX_GPIO_Init	40	static
main.c:1989:6:Error_Handler	4	static,ignoring_inline_asm
