main.c:98:6:init_lcd	120	static
main.c:143:6:do_encoder	8	static
main.c:152:6:do_button	16	static
main.c:174:6:do_blink	8	static
main.c:183:6:do_max6675	24	static
main.c:222:6:do_pwm	4	static
main.c:268:6:do_usb	40	static
main.c:301:6:do_lcd	24	static
main.c:341:9:pid	56	static
main.c:377:5:main	8	static
main.c:467:6:SystemClock_Config	88	static
main.c:513:13:MX_SPI1_Init	8	static
main.c:551:13:MX_TIM1_Init	32	static
main.c:597:13:MX_TIM2_Init	64	static
main.c:656:13:MX_GPIO_Init	40	static
main.c:708:6:process_encoder	16	static
main.c:753:6:Error_Handler	4	static,ignoring_inline_asm
