main.c:112:6:int2string	32	static
main.c:126:6:init_lcd	120	static
main.c:171:6:do_encoder	8	static
main.c:180:6:do_button	16	static
main.c:202:6:do_blink	8	static
main.c:211:6:do_max6675	24	static
main.c:250:6:do_pwm	4	static
main.c:296:6:do_usb	40	static
main.c:329:6:do_lcd	24	static
main.c:378:7:lcd_mini_clear	16	static
main.c:376:6:do_interface	16	static
main.c:386:7:heatplate	24	static
main.c:541:9:pid	56	static
main.c:577:5:main	8	static
main.c:668:6:SystemClock_Config	88	static
main.c:714:13:MX_SPI1_Init	8	static
main.c:752:13:MX_TIM1_Init	32	static
main.c:798:13:MX_TIM2_Init	64	static
main.c:857:13:MX_GPIO_Init	40	static
main.c:909:6:process_encoder	16	static
main.c:954:6:Error_Handler	4	static,ignoring_inline_asm
