main.c:155:6:int2string	32	static
main.c:174:8:int2time	16	static
main.c:220:6:init_lcd	120	static
main.c:259:6:do_button	16	static
main.c:288:6:do_blink	8	static
main.c:301:6:get_max6675	16	static
main.c:312:6:ascii_max6675	24	static
main.c:340:6:do_usb	272	static
main.c:360:6:do_peep	8	static
main.c:472:7:lcd_mini_clear	16	static
main.c:452:6:do_interface	24	static
main.c:487:11:change_temperature	32	static
main.c:507:11:change_time	32	static
main.c:540:7:heatplate	32	static
main.c:609:8:show_step_menu	32	static
main.c:581:7:do_profile_settings	48	static
main.c:948:7:do_reflow	48	static
main.c:1403:10:deltaT	32	static
main.c:1395:9:pid	40	static
main.c:1472:6:HAL_TIM_OC_DelayElapsedCallback	24	static
main.c:1487:6:HAL_TIM_PWM_PulseFinishedCallback	16	static
main.c:1503:5:main	8	static
main.c:1568:6:SystemClock_Config	88	static
main.c:1614:13:MX_SPI1_Init	8	static
main.c:1652:13:MX_TIM1_Init	32	static
main.c:1698:13:MX_TIM2_Init	64	static
main.c:1770:13:MX_TIM3_Init	56	static
main.c:1819:13:MX_TIM4_Init	64	static
main.c:1876:13:MX_DMA_Init	16	static
main.c:1894:13:MX_GPIO_Init	40	static
main.c:1956:6:Error_Handler	4	static,ignoring_inline_asm
