main.c:146:6:int2string	32	static
main.c:165:8:int2time	16	static
main.c:211:6:init_lcd	120	static
main.c:246:6:do_button	16	static
main.c:269:6:do_blink	8	static
main.c:282:6:get_max6675	16	static
main.c:293:6:ascii_max6675	24	static
main.c:321:6:do_usb	272	static
main.c:379:7:lcd_mini_clear	16	static
main.c:358:6:do_interface	24	static
main.c:394:11:change_temperature	32	static
main.c:412:11:change_time	32	static
main.c:445:7:heatplate	32	static
main.c:521:8:show_step_menu	32	static
main.c:496:7:do_profile_settings	48	static
main.c:867:7:do_reflow	48	static
main.c:1295:10:deltaT	32	static
main.c:1287:9:pid	40	static
main.c:1364:6:HAL_TIM_OC_DelayElapsedCallback	24	static
main.c:1385:5:main	8	static
main.c:1447:6:SystemClock_Config	88	static
main.c:1493:13:MX_SPI1_Init	8	static
main.c:1531:13:MX_TIM1_Init	32	static
main.c:1577:13:MX_TIM2_Init	64	static
main.c:1649:13:MX_TIM3_Init	56	static
main.c:1698:13:MX_GPIO_Init	40	static
main.c:1760:6:Error_Handler	4	static,ignoring_inline_asm
